<html>
<body>
<pre>
<h1>µVision Build Log</h1>
<h2>Project:</h2>
D:\University\KeilC\STM32F429I\uart\uart.uvproj
Project File Date:  12/06/2017

<h2>Output:</h2>
Rebuild target 'uart'
assembling startup_stm32f429_439xx.s...
compiling system_stm32f4xx.c...
compiling misc.c...
compiling stm32f4xx_dma.c...
compiling stm32f4xx_dma2d.c...
compiling stm32f4xx_exti.c...
compiling stm32f4xx_fmc.c...
compiling stm32f4xx_gpio.c...
compiling stm32f4xx_i2c.c...
compiling stm32f4xx_ltdc.c...
compiling stm32f4xx_rcc.c...
compiling stm32f4xx_spi.c...
compiling stm32f4xx_syscfg.c...
compiling stm32f4xx_usart.c...
compiling main.c...
User\src\main.c(68): warning:  #111-D: statement is unreachable
        return 0;
User\src\main.c(173): warning:  #1-D: last line of file ends without a newline
  */
User\src\main.c: 2 warnings, 0 errors
compiling stm32f4xx_it.c...
compiling stm32f429i_discovery.c...
compiling stm32f429i_discovery_i2c_ee.c...
compiling stm32f429i_discovery_ioe.c...
compiling stm32f429i_discovery_l3gd20.c...
compiling stm32f429i_discovery_lcd.c...
compiling stm32f429i_discovery_sdram.c...
linking...
Program Size: Code=19824 RO-data=5112 RW-data=120 ZI-data=1792  
".\Build\uart.axf" - 0 Error(s), 2 Warning(s).
Load "D:\\University\\KeilC\\STM32F429I\\uart\\Build\\uart.axf" 
Erase Done.
Programming Done.
Verify OK.
</pre>
</body>
</html>
piling stm32f429i_discovery_ioe.c...
compiling stm32f429i_discovery_l3gd20.c...
compiling stm32f429i_discovery_lcd.c...
compiling stm32f429i_discovery_sdram.c...
".\Build\uart.axf" - 2 Error(s), 2 Warning(s).
Target not created
