<html>
<body>
<pre>
<h1>µVision Build Log</h1>
<h2>Project:</h2>
D:\University\KeilC\STM32F429I\uart\uart.uvproj
Project File Date:  12/06/2017

<h2>Output:</h2>
Build target 'uart'
compiling main.c...
User\src\main.c(50): warning:  #111-D: statement is unreachable
        return 0;
User\src\main.c(23): warning:  #177-D: variable "charOutputStr" was declared but never referenced
        char* charOutputStr;
User\src\main.c: 2 warnings, 0 errors
linking...
Program Size: Code=19504 RO-data=5044 RW-data=92 ZI-data=1692  
".\Build\uart.axf" - 0 Error(s), 2 Warning(s).
</pre>
</body>
</html>
 - 1 Error(s), 2 Warning(s).
Target not created
t (referred from main.o).
Not enough information to list image symbols.
Finished: 1 information, 0 warning and 1 error messages.
".\Build\uart.axf" - 1 Error(s), 3 Warning(s).
Target not created
32f429i_discovery_ioe.c...
compiling stm32f429i_discovery_l3gd20.c...
compiling stm32f429i_discovery_lcd.c...
compiling stm32f429i_discovery_sdram.c...
linking...
Program Size: Code=19316 RO-data=5044 RW-data=92 ZI-data=1692  
".\Build\uart.axf" - 0 Error(s), 1 Warning(s).
Load "D:\\University\\KeilC\\STM32F429I\\uart\\Build\\uart.axf" 
Erase Done.
Programming Done.
Verify OK.
rase Done.
Programming Done.
Verify OK.
t.axf" - 1 Error(s), 1 Warning(s).
Target not created
