ARM Linker, 5.03 [Build 76] [MDK-ARM Lite]

==============================================================================

Section Cross References

    startup_stm32f429_439xx.o(STACK) refers (Special) to heapauxi.o(.text) for __use_two_region_memory
    startup_stm32f429_439xx.o(HEAP) refers (Special) to heapauxi.o(.text) for __use_two_region_memory
    startup_stm32f429_439xx.o(RESET) refers (Special) to heapauxi.o(.text) for __use_two_region_memory
    startup_stm32f429_439xx.o(RESET) refers to startup_stm32f429_439xx.o(STACK) for __initial_sp
    startup_stm32f429_439xx.o(RESET) refers to startup_stm32f429_439xx.o(.text) for Reset_Handler
    startup_stm32f429_439xx.o(RESET) refers to stm32f4xx_it.o(.text) for NMI_Handler
    startup_stm32f429_439xx.o(RESET) refers to stm32f429i_discovery_i2c_ee.o(.text) for DMA1_Stream2_IRQHandler
    startup_stm32f429_439xx.o(.text) refers (Special) to heapauxi.o(.text) for __use_two_region_memory
    startup_stm32f429_439xx.o(.text) refers to system_stm32f4xx.o(.text) for SystemInit
    startup_stm32f429_439xx.o(.text) refers to __main.o(!!!main) for __main
    startup_stm32f429_439xx.o(.text) refers to startup_stm32f429_439xx.o(HEAP) for Heap_Mem
    startup_stm32f429_439xx.o(.text) refers to startup_stm32f429_439xx.o(STACK) for Stack_Mem
    system_stm32f4xx.o(.text) refers to system_stm32f4xx.o(.data) for .data
    stm32f4xx_dma2d.o(.text) refers to stm32f4xx_rcc.o(.text) for RCC_AHB1PeriphResetCmd
    stm32f4xx_gpio.o(.text) refers to stm32f4xx_rcc.o(.text) for RCC_AHB1PeriphResetCmd
    stm32f4xx_i2c.o(.text) refers to stm32f4xx_rcc.o(.text) for RCC_APB1PeriphResetCmd
    stm32f4xx_ltdc.o(.text) refers to stm32f4xx_rcc.o(.text) for RCC_APB2PeriphResetCmd
    stm32f4xx_rcc.o(.text) refers to stm32f4xx_rcc.o(.data) for .data
    stm32f4xx_spi.o(.text) refers to stm32f4xx_rcc.o(.text) for RCC_APB1PeriphResetCmd
    stm32f4xx_syscfg.o(.text) refers to stm32f4xx_rcc.o(.text) for RCC_APB2PeriphResetCmd
    stm32f4xx_usart.o(.text) refers to stm32f4xx_rcc.o(.text) for RCC_APB2PeriphResetCmd
    stm32f4xx_tim.o(.text) refers to stm32f4xx_rcc.o(.text) for RCC_APB2PeriphResetCmd
    function.o(.text) refers to dfix.o(x$fpl$dfix) for __aeabi_d2iz
    function.o(.text) refers to dflt_clz.o(x$fpl$dflt) for __aeabi_i2d
    function.o(.text) refers to daddsub_clz.o(x$fpl$drsb) for __aeabi_drsub
    function.o(.text) refers to dmul.o(x$fpl$dmul) for __aeabi_dmul
    function.o(.text) refers to queue.o(.text) for Queue_Push
    function.o(.text) refers to dfixu.o(x$fpl$dfixu) for __aeabi_d2uiz
    function.o(.text) refers to basic.o(x$fpl$basic) for __aeabi_dneg
    function.o(.text) refers to dleqf.o(x$fpl$dleqf) for __aeabi_cdcmple
    function.o(.text) refers to ddiv.o(x$fpl$ddiv) for __aeabi_ddiv
    function.o(.text) refers to sqrt.o(i.__hardfp_sqrt) for __hardfp_sqrt
    function.o(.text) refers to stm32f4xx_usart.o(.text) for USART_ITConfig
    function.o(.text) refers to main.o(.data) for i
    function.o(.text) refers to main.o(.data) for num1
    function.o(.text) refers to main.o(.data) for result_decode
    function.o(.text) refers to main.o(.bss) for queue_number_1
    function.o(.text) refers to main.o(.data) for sign_number_1
    function.o(.text) refers to main.o(.data) for sign_number_2
    function.o(.text) refers to main.o(.data) for sign_flag
    main.o(.text) refers to strlen.o(.text) for strlen
    main.o(.text) refers to queue.o(.text) for Push_string
    main.o(.text) refers to stm32f4xx_usart.o(.text) for USART_ITConfig
    main.o(.text) refers to function.o(.text) for decoder
    main.o(.text) refers to stm32f4xx_tim.o(.text) for TIM_ITConfig
    main.o(.text) refers to stm32f429i_discovery.o(.text) for STM_EVAL_LEDOn
    main.o(.text) refers to main.o(.data) for .data
    main.o(.text) refers to main.o(.bss) for .bss
    main.o(.text) refers to stm32f4xx_it.o(.data) for Timmer4
    main.o(.text) refers to stm32f4xx_rcc.o(.text) for RCC_APB1PeriphClockCmd
    main.o(.text) refers to misc.o(.text) for NVIC_Init
    main.o(.text) refers to stm32f4xx_gpio.o(.text) for GPIO_StructInit
    main.o(.text) refers to system_stm32f4xx.o(.data) for SystemCoreClock
    main.o(.data) refers to main.o(.conststring) for .conststring
    stm32f4xx_it.o(.text) refers to stm32f4xx_tim.o(.text) for TIM_GetITStatus
    stm32f4xx_it.o(.text) refers to stm32f4xx_usart.o(.text) for USART_GetITStatus
    stm32f4xx_it.o(.text) refers to queue.o(.text) for Queue_Is_Empty
    stm32f4xx_it.o(.text) refers to function.o(.text) for decoder
    stm32f4xx_it.o(.text) refers to stm32f4xx_it.o(.data) for .data
    stm32f4xx_it.o(.text) refers to main.o(.data) for mode_counter
    stm32f4xx_it.o(.text) refers to main.o(.bss) for queue_send
    stm32f4xx_it.o(.text) refers to main.o(.data) for sign_number_1
    stm32f4xx_it.o(.text) refers to main.o(.data) for sign_number_2
    stm32f429i_discovery.o(.text) refers to stm32f4xx_rcc.o(.text) for RCC_AHB1PeriphClockCmd
[...]
    Utilities\\STM32F429I-Discovery\\stm32f429i_discovery_i2c_ee.c 0x00000000   Number         0  stm32f429i_discovery_i2c_ee.o ABSOLUTE
    Utilities\\STM32F429I-Discovery\\stm32f429i_discovery_ioe.c 0x00000000   Number         0  stm32f429i_discovery_ioe.o ABSOLUTE
    Utilities\\STM32F429I-Discovery\\stm32f429i_discovery_l3gd20.c 0x00000000   Number         0  stm32f429i_discovery_l3gd20.o ABSOLUTE
    Utilities\\STM32F429I-Discovery\\stm32f429i_discovery_lcd.c 0x00000000   Number         0  stm32f429i_discovery_lcd.o ABSOLUTE
    Utilities\\STM32F429I-Discovery\\stm32f429i_discovery_sdram.c 0x00000000   Number         0  stm32f429i_discovery_sdram.o ABSOLUTE
    dc.s                                     0x00000000   Number         0  dc.o ABSOLUTE
    RESET                                    0x08000000   Section      428  startup_stm32f429_439xx.o(RESET)
    !!!main                                  0x080001ac   Section        8  __main.o(!!!main)
    !!!scatter                               0x080001b4   Section       52  __scatter.o(!!!scatter)
    !!handler_copy                           0x080001e8   Section       26  __scatter_copy.o(!!handler_copy)
    !!handler_zi                             0x08000204   Section       28  __scatter_zi.o(!!handler_zi)
    .ARM.Collect$$libinit$$00000000          0x08000220   Section        2  libinit.o(.ARM.Collect$$libinit$$00000000)
    .ARM.Collect$$libinit$$00000001          0x08000222   Section        4  libinit2.o(.ARM.Collect$$libinit$$00000001)
    .ARM.Collect$$libinit$$00000008          0x08000226   Section        0  libinit2.o(.ARM.Collect$$libinit$$00000008)
    .ARM.Collect$$libinit$$0000000A          0x08000226   Section        0  libinit2.o(.ARM.Collect$$libinit$$0000000A)
    .ARM.Collect$$libinit$$0000000C          0x08000226   Section        0  libinit2.o(.ARM.Collect$$libinit$$0000000C)
    .ARM.Collect$$libinit$$0000000F          0x08000226   Section        0  libinit2.o(.ARM.Collect$$libinit$$0000000F)
    .ARM.Collect$$libinit$$00000011          0x08000226   Section        0  libinit2.o(.ARM.Collect$$libinit$$00000011)
    .ARM.Collect$$libinit$$00000013          0x08000226   Section        0  libinit2.o(.ARM.Collect$$libinit$$00000013)
    .ARM.Collect$$libinit$$00000015          0x08000226   Section        0  libinit2.o(.ARM.Collect$$libinit$$00000015)
    .ARM.Collect$$libinit$$00000017          0x08000226   Section        0  libinit2.o(.ARM.Collect$$libinit$$00000017)
    .ARM.Collect$$libinit$$00000019          0x08000226   Section        0  libinit2.o(.ARM.Collect$$libinit$$00000019)
    .ARM.Collect$$libinit$$0000001B          0x08000226   Section        0  libinit2.o(.ARM.Collect$$libinit$$0000001B)
    .ARM.Collect$$libinit$$0000001D          0x08000226   Section        0  libinit2.o(.ARM.Collect$$libinit$$0000001D)
    .ARM.Collect$$libinit$$0000001F          0x08000226   Section        0  libinit2.o(.ARM.Collect$$libinit$$0000001F)
    .ARM.Collect$$libinit$$00000021          0x08000226   Section        0  libinit2.o(.ARM.Collect$$libinit$$00000021)
    .ARM.Collect$$libinit$$00000023          0x08000226   Section        0  libinit2.o(.ARM.Collect$$libinit$$00000023)
    .ARM.Collect$$libinit$$0000002A          0x08000226   Section        0  libinit2.o(.ARM.Collect$$libinit$$0000002A)
    .ARM.Collect$$libinit$$0000002C          0x08000226   Section        0  libinit2.o(.ARM.Collect$$libinit$$0000002C)
    .ARM.Collect$$libinit$$0000002E          0x08000226   Section        0  libinit2.o(.ARM.Collect$$libinit$$0000002E)
    .ARM.Collect$$libinit$$00000030          0x08000226   Section        0  libinit2.o(.ARM.Collect$$libinit$$00000030)
    .ARM.Collect$$libinit$$00000031          0x08000226   Section        2  libinit2.o(.ARM.Collect$$libinit$$00000031)
    .ARM.Collect$$libshutdown$$00000000      0x08000228   Section        2  libshutdown.o(.ARM.Collect$$libshutdown$$00000000)
    .ARM.Collect$$libshutdown$$00000003      0x0800022a   Section        0  libshutdown2.o(.ARM.Collect$$libshutdown$$00000003)
    .ARM.Collect$$libshutdown$$00000006      0x0800022a   Section        0  libshutdown2.o(.ARM.Collect$$libshutdown$$00000006)
    .ARM.Collect$$libshutdown$$00000009      0x0800022a   Section        0  libshutdown2.o(.ARM.Collect$$libshutdown$$00000009)
    .ARM.Collect$$libshutdown$$0000000B      0x0800022a   Section        0  libshutdown2.o(.ARM.Collect$$libshutdown$$0000000B)
    .ARM.Collect$$libshutdown$$0000000E      0x0800022a   Section        0  libshutdown2.o(.ARM.Collect$$libshutdown$$0000000E)
    .ARM.Collect$$libshutdown$$0000000F      0x0800022a   Section        2  libshutdown2.o(.ARM.Collect$$libshutdown$$0000000F)
    .ARM.Collect$$rtentry$$00000000          0x0800022c   Section        0  rtentry.o(.ARM.Collect$$rtentry$$00000000)
    .ARM.Collect$$rtentry$$00000002          0x0800022c   Section        0  rtentry2.o(.ARM.Collect$$rtentry$$00000002)
    .ARM.Collect$$rtentry$$00000004          0x0800022c   Section        6  rtentry4.o(.ARM.Collect$$rtentry$$00000004)
    .ARM.Collect$$rtentry$$00000009          0x08000232   Section        0  rtentry2.o(.ARM.Collect$$rtentry$$00000009)
    .ARM.Collect$$rtentry$$0000000A          0x08000232   Section        4  rtentry2.o(.ARM.Collect$$rtentry$$0000000A)
    .ARM.Collect$$rtentry$$0000000C          0x08000236   Section        0  rtentry2.o(.ARM.Collect$$rtentry$$0000000C)
    .ARM.Collect$$rtentry$$0000000D          0x08000236   Section        8  rtentry2.o(.ARM.Collect$$rtentry$$0000000D)
    .ARM.Collect$$rtexit$$00000000           0x0800023e   Section        2  rtexit.o(.ARM.Collect$$rtexit$$00000000)
    .ARM.Collect$$rtexit$$00000002           0x08000240   Section        0  rtexit2.o(.ARM.Collect$$rtexit$$00000002)
    .ARM.Collect$$rtexit$$00000003           0x08000240   Section        4  rtexit2.o(.ARM.Collect$$rtexit$$00000003)
    .ARM.Collect$$rtexit$$00000004           0x08000244   Section        6  rtexit2.o(.ARM.Collect$$rtexit$$00000004)
    .text                                    0x0800024c   Section       64  startup_stm32f429_439xx.o(.text)
    $v0                                      0x0800024c   Number         0  startup_stm32f429_439xx.o(.text)
    .text                                    0x0800028c   Section        0  system_stm32f4xx.o(.text)
    SetSysClock                              0x0800028d   Thumb Code   190  system_stm32f4xx.o(.text)
    .text                                    0x08000424   Section        0  misc.o(.text)
    .text                                    0x080004d4   Section        0  stm32f4xx_dma.o(.text)
    .text                                    0x080007f4   Section        0  stm32f4xx_exti.o(.text)
    .text                                    0x080008d4   Section        0  stm32f4xx_gpio.o(.text)
    .text                                    0x08000ae0   Section        0  stm32f4xx_i2c.o(.text)
    .text                                    0x08000e40   Section        0  stm32f4xx_rcc.o(.text)
    .text                                    0x080012ac   Section        0  stm32f4xx_syscfg.o(.text)
    .text                                    0x08001320   Section        0  stm32f4xx_usart.o(.text)
    .text                                    0x08001684   Section        0  stm32f4xx_tim.o(.text)
    TI2_Config                               0x08001ccf   Thumb Code    54  stm32f4xx_tim.o(.text)
    TI1_Config                               0x08002033   Thumb Code    46  stm32f4xx_tim.o(.text)
    .text                                    0x08002060   Section        0  queue.o(.text)
    .text                                    0x080020fc   Section        0  function.o(.text)
    .text                                    0x08002468   Section        0  main.o(.text)
    .text                                    0x080030fc   Section        0  stm32f4xx_it.o(.text)
    .text                                    0x08003418   Section        0  stm32f429i_discovery.o(.text)
    .text                                    0x08003734   Section        0  stm32f429i_discovery_i2c_ee.o(.text)
    .text                                    0x08003de8   Section        0  strlen.o(.text)
    .text                                    0x08003e26   Section        0  heapauxi.o(.text)
    .text                                    0x08003e2c   Section        0  _rserrno.o(.text)
    .text                                    0x08003e44   Section        8  rt_errno_addr_intlibspace.o(.text)
    .text                                    0x08003e4c   Section        8  libspace.o(.text)
    .text                                    0x08003e54   Section       74  sys_stackheap_outer.o(.text)
    .text                                    0x08003e9e   Section        0  exit.o(.text)
    .text                                    0x08003eac   Section        0  sys_exit.o(.text)
    .text                                    0x08003eb8   Section        2  use_no_semi.o(.text)
    .text                                    0x08003eba   Section        0  indicate_semi.o(.text)
    i.__hardfp_sqrt                          0x08003eba   Section        0  sqrt.o(i.__hardfp_sqrt)
    x$fpl$basic                              0x08003f34   Section       24  basic.o(x$fpl$basic)
    $v0                                      0x08003f34   Number         0  basic.o(x$fpl$basic)
    x$fpl$dadd                               0x08003f4c   Section      336  daddsub_clz.o(x$fpl$dadd)
    $v0                                      0x08003f4c   Number         0  daddsub_clz.o(x$fpl$dadd)
    _dadd1                                   0x08003f5d   Thumb Code     0  daddsub_clz.o(x$fpl$dadd)
    x$fpl$dcmpinf                            0x0800409c   Section       24  dcmpi.o(x$fpl$dcmpinf)
    $v0                                      0x0800409c   Number         0  dcmpi.o(x$fpl$dcmpinf)
    x$fpl$ddiv                               0x080040b4   Section      688  ddiv.o(x$fpl$ddiv)
    $v0                                      0x080040b4   Number         0  ddiv.o(x$fpl$ddiv)
    ddiv_entry                               0x080040bb   Thumb Code     0  ddiv.o(x$fpl$ddiv)
    x$fpl$dfix                               0x08004364   Section       94  dfix.o(x$fpl$dfix)
    $v0                                      0x08004364   Number         0  dfix.o(x$fpl$dfix)
    x$fpl$dfixu                              0x080043c4   Section       90  dfixu.o(x$fpl$dfixu)
    $v0                                      0x080043c4   Number         0  dfixu.o(x$fpl$dfixu)
    x$fpl$dflt                               0x0800441e   Section       46  dflt_clz.o(x$fpl$dflt)
    $v0                                      0x0800441e   Number         0  dflt_clz.o(x$fpl$dflt)
    x$fpl$dleqf                              0x0800444c   Section      120  dleqf.o(x$fpl$dleqf)
    $v0                                      0x0800444c   Number         0  dleqf.o(x$fpl$dleqf)
    x$fpl$dmul                               0x080044c4   Section      340  dmul.o(x$fpl$dmul)
    $v0                                      0x080044c4   Number         0  dmul.o(x$fpl$dmul)
    x$fpl$dnaninf                            0x08004618   Section      156  dnaninf.o(x$fpl$dnaninf)
    $v0                                      0x08004618   Number         0  dnaninf.o(x$fpl$dnaninf)
    x$fpl$dretinf                            0x080046b4   Section       12  dretinf.o(x$fpl$dretinf)
    $v0                                      0x080046b4   Number         0  dretinf.o(x$fpl$dretinf)
    x$fpl$drsb                               0x080046c0   Section       22  daddsub_clz.o(x$fpl$drsb)
    $v0                                      0x080046c0   Number         0  daddsub_clz.o(x$fpl$drsb)
    x$fpl$dsqrt                              0x080046d8   Section      408  dsqrt_umaal.o(x$fpl$dsqrt)
    $v0                                      0x080046d8   Number         0  dsqrt_umaal.o(x$fpl$dsqrt)
    x$fpl$dsub                               0x08004870   Section      468  daddsub_clz.o(x$fpl$dsub)
    $v0                                      0x08004870   Number         0  daddsub_clz.o(x$fpl$dsub)
    _dsub1                                   0x08004881   Thumb Code     0  daddsub_clz.o(x$fpl$dsub)
    x$fpl$fpinit                             0x08004a44   Section       10  fpinit.o(x$fpl$fpinit)
    $v0                                      0x08004a44   Number         0  fpinit.o(x$fpl$fpinit)
    x$fpl$usenofp                            0x08004a4e   Section        0  usenofp.o(x$fpl$usenofp)
    .constdata                               0x08004a50   Section       24  stm32f429i_discovery.o(.constdata)
    .conststring                             0x08004a68   Section      450  main.o(.conststring)
    .data                                    0x20000000   Section       20  system_stm32f4xx.o(.data)
    .data                                    0x20000014   Section       16  stm32f4xx_rcc.o(.data)
    APBAHBPrescTable                         0x20000014   Data          16  stm32f4xx_rcc.o(.data)
    .data                                    0x20000024   Section      124  main.o(.data)
    .data                                    0x200000a0   Section        4  main.o(.data)
    .data                                    0x200000a4   Section        4  main.o(.data)
    .data                                    0x200000a8   Section        8  main.o(.data)
    .data                                    0x200000b0   Section        4  main.o(.data)
    .data                                    0x200000b4   Section        4  main.o(.data)
    .data                                    0x200000b8   Section       12  stm32f4xx_it.o(.data)
    time                                     0x200000c0   Data           4  stm32f4xx_it.o(.data)
    .data                                    0x200000c4   Section       16  stm32f429i_discovery.o(.data)
    .data                                    0x200000d4   Section       16  stm32f429i_discovery_i2c_ee.o(.data)
    .bss                                     0x200000e4   Section     7180  main.o(.bss)
    .bss                                     0x20001cf0   Section       60  stm32f429i_discovery.o(.bss)
    .bss                                     0x20001d2c   Section       96  libspace.o(.bss)
    HEAP                                     0x20001d90   Section      512  startup_stm32f429_439xx.o(HEAP)
    Heap_Mem                                 0x20001d90   Data         512  startup_stm32f429_439xx.o(HEAP)
    STACK                                    0x20001f90   Section     1024  startup_stm32f429_439xx.o(STACK)
    Stack_Mem                                0x20001f90   Data        1024  startup_stm32f429_439xx.o(STACK)
    __initial_sp                             0x20002390   Data           0  startup_stm32f429_439xx.o(STACK)

    Global Symbols

    Symbol Name                              Value     Ov Type        Size  Object(Section)

    BuildAttributes$$THM_ISAv4$E$P$D$K$B$S$7EM$VFPi3$EXTD16$VFPS$VFMA$PE$A:L22UL41UL21$X:L11$S22US41US21$IEEE1$IW$USESV6$~STKCKD$USESV7$~SHL$OTIME$ROPI$IEEEJ$EBA8$UX$STANDARDLIB$REQ8$PRES8$EABIv2 0x00000000   Number         0  anon$$obj.o ABSOLUTE
    __ARM_use_no_argv                        0x00000000   Number         0  main.o ABSOLUTE
    __ARM_exceptions_init                     - Undefined Weak Reference
    __alloca_initialize                       - Undefined Weak Reference
    __cpp_initialize__aeabi_                  - Undefined Weak Reference
    __cxa_finalize                            - Undefined Weak Reference
    __rt_locale                               - Undefined Weak Reference
    __sigvec_lookup                           - Undefined Weak Reference
    _atexit_init                              - Undefined Weak Reference
    _call_atexit_fns                          - Undefined Weak Reference
    _clock_init                               - Undefined Weak Reference
    _fp_trap_init                             - Undefined Weak Reference
    _fp_trap_shutdown                         - Undefined Weak Reference
    _get_lc_collate                           - Undefined Weak Reference
    _get_lc_ctype                             - Undefined Weak Reference
    _get_lc_monetary                          - Undefined Weak Reference
    _get_lc_numeric                           - Undefined Weak Reference
    _get_lc_time                              - Undefined Weak Reference
    _getenv_init                              - Undefined Weak Reference
    _handle_redirection                       - Undefined Weak Reference
    _init_alloc                               - Undefined Weak Reference
    _init_user_alloc                          - Undefined Weak Reference
    _initio                                   - Undefined Weak Reference
    _rand_init                                - Undefined Weak Reference
    _signal_finish                            - Undefined Weak Reference
    _signal_init                              - Undefined Weak Reference
    _terminate_alloc                          - Undefined Weak Reference
    _terminate_user_alloc                     - Undefined Weak Reference
    _terminateio                              - Undefined Weak Reference
    __Vectors_Size                           0x000001ac   Number         0  startup_stm32f429_439xx.o ABSOLUTE
    __Vectors                                0x08000000   Data           4  startup_stm32f429_439xx.o(RESET)
    __Vectors_End                            0x080001ac   Data           0  startup_stm32f429_439xx.o(RESET)
    __main                                   0x080001ad   Thumb Code     8  __main.o(!!!main)
    __scatterload                            0x080001b5   Thumb Code     0  __scatter.o(!!!scatter)
    __scatterload_rt2                        0x080001b5   Thumb Code    44  __scatter.o(!!!scatter)
    __scatterload_rt2_thumb_only             0x080001b5   Thumb Code     0  __scatter.o(!!!scatter)
    __scatterload_null                       0x080001c3   Thumb Code     0  __scatter.o(!!!scatter)
    __scatterload_copy                       0x080001e9   Thumb Code    26  __scatter_copy.o(!!handler_copy)
    __scatterload_zeroinit                   0x08000205   Thumb Code    28  __scatter_zi.o(!!handler_zi)
    __rt_lib_init                            0x08000221   Thumb Code     0  libinit.o(.ARM.Collect$$libinit$$00000000)
    __rt_lib_init_fp_1                       0x08000223   Thumb Code     0  libinit2.o(.ARM.Collect$$libinit$$00000001)
    __rt_lib_init_alloca_1                   0x08000227   Thumb Code     0  libinit2.o(.ARM.Collect$$libinit$$0000002C)
    __rt_lib_init_argv_1                     0x08000227   Thumb Code     0  libinit2.o(.ARM.Collect$$libinit$$0000002A)
    __rt_lib_init_atexit_1                   0x08000227   Thumb Code     0  libinit2.o(.ARM.Collect$$libinit$$00000019)
    __rt_lib_init_clock_1                    0x08000227   Thumb Code     0  libinit2.o(.ARM.Collect$$libinit$$0000001F)
    __rt_lib_init_cpp_1                      0x08000227   Thumb Code     0  libinit2.o(.ARM.Collect$$libinit$$00000030)
    __rt_lib_init_exceptions_1               0x08000227   Thumb Code     0  libinit2.o(.ARM.Collect$$libinit$$0000002E)
    __rt_lib_init_fp_trap_1                  0x08000227   Thumb Code     0  libinit2.o(.ARM.Collect$$libinit$$0000001D)
    __rt_lib_init_getenv_1                   0x08000227   Thumb Code     0  libinit2.o(.ARM.Collect$$libinit$$00000021)
    __rt_lib_init_heap_1                     0x08000227   Thumb Code     0  libinit2.o(.ARM.Collect$$libinit$$00000008)
    __rt_lib_init_lc_collate_1               0x08000227   Thumb Code     0  libinit2.o(.ARM.Collect$$libinit$$0000000F)
    __rt_lib_init_lc_ctype_1                 0x08000227   Thumb Code     0  libinit2.o(.ARM.Collect$$libinit$$00000011)
    __rt_lib_init_lc_monetary_1              0x08000227   Thumb Code     0  libinit2.o(.ARM.Collect$$libinit$$00000013)
    __rt_lib_init_lc_numeric_1               0x08000227   Thumb Code     0  libinit2.o(.ARM.Collect$$libinit$$00000015)
    __rt_lib_init_lc_time_1                  0x08000227   Thumb Code     0  libinit2.o(.ARM.Collect$$libinit$$00000017)
    __rt_lib_init_rand_1                     0x08000227   Thumb Code     0  libinit2.o(.ARM.Collect$$libinit$$0000000C)
    __rt_lib_init_return                     0x08000227   Thumb Code     0  libinit2.o(.ARM.Collect$$libinit$$00000031)
    __rt_lib_init_signal_1                   0x08000227   Thumb Code     0  libinit2.o(.ARM.Collect$$libinit$$0000001B)
    __rt_lib_init_stdio_1                    0x08000227   Thumb Code     0  libinit2.o(.ARM.Collect$$libinit$$00000023)
    __rt_lib_init_user_alloc_1               0x08000227   Thumb Code     0  libinit2.o(.ARM.Collect$$libinit$$0000000A)
    __rt_lib_shutdown                        0x08000229   Thumb Code     0  libshutdown.o(.ARM.Collect$$libshutdown$$00000000)
    __rt_lib_shutdown_fp_trap_1              0x0800022b   Thumb Code     0  libshutdown2.o(.ARM.Collect$$libshutdown$$00000006)
    __rt_lib_shutdown_heap_1                 0x0800022b   Thumb Code     0  libshutdown2.o(.ARM.Collect$$libshutdown$$0000000E)
    __rt_lib_shutdown_return                 0x0800022b   Thumb Code     0  libshutdown2.o(.ARM.Collect$$libshutdown$$0000000F)
    __rt_lib_shutdown_signal_1               0x0800022b   Thumb Code     0  libshutdown2.o(.ARM.Collect$$libshutdown$$00000009)
    __rt_lib_shutdown_stdio_1                0x0800022b   Thumb Code     0  libshutdown2.o(.ARM.Collect$$libshutdown$$00000003)
    __rt_lib_shutdown_user_alloc_1           0x0800022b   Thumb Code     0  libshutdown2.o(.ARM.Collect$$libshutdown$$0000000B)
    __rt_entry                               0x0800022d   Thumb Code     0  rtentry.o(.ARM.Collect$$rtentry$$00000000)
    __rt_entry_presh_1                       0x0800022d   Thumb Code     0  rtentry2.o(.ARM.Collect$$rtentry$$00000002)
    __rt_entry_sh                            0x0800022d   Thumb Code     0  rtentry4.o(.ARM.Collect$$rtentry$$00000004)
    __rt_entry_li                            0x08000233   Thumb Code     0  rtentry2.o(.ARM.Collect$$rtentry$$0000000A)
    __rt_entry_postsh_1                      0x08000233   Thumb Code     0  rtentry2.o(.ARM.Collect$$rtentry$$00000009)
    __rt_entry_main                          0x08000237   Thumb Code     0  rtentry2.o(.ARM.Collect$$rtentry$$0000000D)
    __rt_entry_postli_1                      0x08000237   Thumb Code     0  rtentry2.o(.ARM.Collect$$rtentry$$0000000C)
    __rt_exit                                0x0800023f   Thumb Code     0  rtexit.o(.ARM.Collect$$rtexit$$00000000)
    __rt_exit_ls                             0x08000241   Thumb Code     0  rtexit2.o(.ARM.Collect$$rtexit$$00000003)
    __rt_exit_prels_1                        0x08000241   Thumb Code     0  rtexit2.o(.ARM.Collect$$rtexit$$00000002)
    __rt_exit_exit                           0x08000245   Thumb Code     0  rtexit2.o(.ARM.Collect$$rtexit$$00000004)
    Reset_Handler                            0x0800024d   Thumb Code     8  startup_stm32f429_439xx.o(.text)
    ADC_IRQHandler                           0x08000267   Thumb Code     0  startup_stm32f429_439xx.o(.text)
    CAN1_RX0_IRQHandler                      0x08000267   Thumb Code     0  startup_stm32f429_439xx.o(.text)
    CAN1_RX1_IRQHandler                      0x08000267   Thumb Code     0  startup_stm32f429_439xx.o(.text)
    CAN1_SCE_IRQHandler                      0x08000267   Thumb Code     0  startup_stm32f429_439xx.o(.text)
    CAN1_TX_IRQHandler                       0x08000267   Thumb Code     0  startup_stm32f429_439xx.o(.text)
    CAN2_RX0_IRQHandler                      0x08000267   Thumb Code     0  startup_stm32f429_439xx.o(.text)
    CAN2_RX1_IRQHandler                      0x08000267   Thumb Code     0  startup_stm32f429_439xx.o(.text)
    CAN2_SCE_IRQHandler                      0x08000267   Thumb Code     0  startup_stm32f429_439xx.o(.text)
    CAN2_TX_IRQHandler                       0x08000267   Thumb Code     0  startup_stm32f429_439xx.o(.text)
    CRYP_IRQHandler                          0x08000267   Thumb Code     0  startup_stm32f429_439xx.o(.text)
    DCMI_IRQHandler                          0x08000267   Thumb Code     0  startup_stm32f429_439xx.o(.text)
    DMA1_Stream0_IRQHandler                  0x08000267   Thumb Code     0  startup_stm32f429_439xx.o(.text)
    DMA1_Stream1_IRQHandler                  0x08000267   Thumb Code     0  startup_stm32f429_439xx.o(.text)
    DMA1_Stream3_IRQHandler                  0x08000267   Thumb Code     0  startup_stm32f429_439xx.o(.text)
    DMA1_Stream5_IRQHandler                  0x08000267   Thumb Code     0  startup_stm32f429_439xx.o(.text)
    DMA1_Stream6_IRQHandler                  0x08000267   Thumb Code     0  startup_stm32f429_439xx.o(.text)
    DMA1_Stream7_IRQHandler                  0x08000267   Thumb Code     0  startup_stm32f429_439xx.o(.text)
    DMA2D_IRQHandler                         0x08000267   Thumb Code     0  startup_stm32f429_439xx.o(.text)
    DMA2_Stream0_IRQHandler                  0x08000267   Thumb Code     0  startup_stm32f429_439xx.o(.text)
    DMA2_Stream1_IRQHandler                  0x08000267   Thumb Code     0  startup_stm32f429_439xx.o(.text)
    DMA2_Stream2_IRQHandler                  0x08000267   Thumb Code     0  startup_stm32f429_439xx.o(.text)
    DMA2_Stream3_IRQHandler                  0x08000267   Thumb Code     0  startup_stm32f429_439xx.o(.text)
    DMA2_Stream4_IRQHandler                  0x08000267   Thumb Code     0  startup_stm32f429_439xx.o(.text)
    DMA2_Stream5_IRQHandler                  0x08000267   Thumb Code     0  startup_stm32f429_439xx.o(.text)
    DMA2_Stream6_IRQHandler                  0x08000267   Thumb Code     0  startup_stm32f429_439xx.o(.text)
    DMA2_Stream7_IRQHandler                  0x08000267   Thumb Code     0  startup_stm32f429_439xx.o(.text)
    ETH_IRQHandler                           0x08000267   Thumb Code     0  startup_stm32f429_439xx.o(.text)
    ETH_WKUP_IRQHandler                      0x08000267   Thumb Code     0  startup_stm32f429_439xx.o(.text)
    EXTI0_IRQHandler                         0x08000267   Thumb Code     0  startup_stm32f429_439xx.o(.text)
    EXTI15_10_IRQHandler                     0x08000267   Thumb Code     0  startup_stm32f429_439xx.o(.text)
    EXTI1_IRQHandler                         0x08000267   Thumb Code     0  startup_stm32f429_439xx.o(.text)
    EXTI2_IRQHandler                         0x08000267   Thumb Code     0  startup_stm32f429_439xx.o(.text)
    EXTI3_IRQHandler                         0x08000267   Thumb Code     0  startup_stm32f429_439xx.o(.text)
    EXTI4_IRQHandler                         0x08000267   Thumb Code     0  startup_stm32f429_439xx.o(.text)
    EXTI9_5_IRQHandler                       0x08000267   Thumb Code     0  startup_stm32f429_439xx.o(.text)
    FLASH_IRQHandler                         0x08000267   Thumb Code     0  startup_stm32f429_439xx.o(.text)
    FMC_IRQHandler                           0x08000267   Thumb Code     0  startup_stm32f429_439xx.o(.text)
    FPU_IRQHandler                           0x08000267   Thumb Code     0  startup_stm32f429_439xx.o(.text)
    HASH_RNG_IRQHandler                      0x08000267   Thumb Code     0  startup_stm32f429_439xx.o(.text)
    I2C1_ER_IRQHandler                       0x08000267   Thumb Code     0  startup_stm32f429_439xx.o(.text)
    I2C1_EV_IRQHandler                       0x08000267   Thumb Code     0  startup_stm32f429_439xx.o(.text)
    I2C2_ER_IRQHandler                       0x08000267   Thumb Code     0  startup_stm32f429_439xx.o(.text)
    I2C2_EV_IRQHandler                       0x08000267   Thumb Code     0  startup_stm32f429_439xx.o(.text)
    I2C3_ER_IRQHandler                       0x08000267   Thumb Code     0  startup_stm32f429_439xx.o(.text)
    I2C3_EV_IRQHandler                       0x08000267   Thumb Code     0  startup_stm32f429_439xx.o(.text)
    LTDC_ER_IRQHandler                       0x08000267   Thumb Code     0  startup_stm32f429_439xx.o(.text)
    LTDC_IRQHandler                          0x08000267   Thumb Code     0  startup_stm32f429_439xx.o(.text)
    OTG_FS_IRQHandler                        0x08000267   Thumb Code     0  startup_stm32f429_439xx.o(.text)
    OTG_FS_WKUP_IRQHandler                   0x08000267   Thumb Code     0  startup_stm32f429_439xx.o(.text)
    OTG_HS_EP1_IN_IRQHandler                 0x08000267   Thumb Code     0  startup_stm32f429_439xx.o(.text)
    OTG_HS_EP1_OUT_IRQHandler                0x08000267   Thumb Code     0  startup_stm32f429_439xx.o(.text)
    OTG_HS_IRQHandler                        0x08000267   Thumb Code     0  startup_stm32f429_439xx.o(.text)
    OTG_HS_WKUP_IRQHandler                   0x08000267   Thumb Code     0  startup_stm32f429_439xx.o(.text)
    PVD_IRQHandler                           0x08000267   Thumb Code     0  startup_stm32f429_439xx.o(.text)
    RCC_IRQHandler                           0x08000267   Thumb Code     0  startup_stm32f429_439xx.o(.text)
    RTC_Alarm_IRQHandler                     0x08000267   Thumb Code     0  startup_stm32f429_439xx.o(.text)
    RTC_WKUP_IRQHandler                      0x08000267   Thumb Code     0  startup_stm32f429_439xx.o(.text)
    SAI1_IRQHandler                          0x08000267   Thumb Code     0  startup_stm32f429_439xx.o(.text)
    SDIO_IRQHandler                          0x08000267   Thumb Code     0  startup_stm32f429_439xx.o(.text)
    SPI1_IRQHandler                          0x08000267   Thumb Code     0  startup_stm32f429_439xx.o(.text)
    SPI2_IRQHandler                          0x08000267   Thumb Code     0  startup_stm32f429_439xx.o(.text)
    SPI3_IRQHandler                          0x08000267   Thumb Code     0  startup_stm32f429_439xx.o(.text)
    SPI4_IRQHandler                          0x08000267   Thumb Code     0  startup_stm32f429_439xx.o(.text)
    SPI5_IRQHandler                          0x08000267   Thumb Code     0  startup_stm32f429_439xx.o(.text)
    SPI6_IRQHandler                          0x08000267   Thumb Code     0  startup_stm32f429_439xx.o(.text)
    TAMP_STAMP_IRQHandler                    0x08000267   Thumb Code     0  startup_stm32f429_439xx.o(.text)
    TIM1_BRK_TIM9_IRQHandler                 0x08000267   Thumb Code     0  startup_stm32f429_439xx.o(.text)
    TIM1_CC_IRQHandler                       0x08000267   Thumb Code     0  startup_stm32f429_439xx.o(.text)
    TIM1_TRG_COM_TIM11_IRQHandler            0x08000267   Thumb Code     0  startup_stm32f429_439xx.o(.text)
    TIM1_UP_TIM10_IRQHandler                 0x08000267   Thumb Code     0  startup_stm32f429_439xx.o(.text)
    TIM2_IRQHandler                          0x08000267   Thumb Code     0  startup_stm32f429_439xx.o(.text)
    TIM3_IRQHandler                          0x08000267   Thumb Code     0  startup_stm32f429_439xx.o(.text)
    TIM5_IRQHandler                          0x08000267   Thumb Code     0  startup_stm32f429_439xx.o(.text)
    TIM6_DAC_IRQHandler                      0x08000267   Thumb Code     0  startup_stm32f429_439xx.o(.text)
    TIM7_IRQHandler                          0x08000267   Thumb Code     0  startup_stm32f429_439xx.o(.text)
    TIM8_BRK_TIM12_IRQHandler                0x08000267   Thumb Code     0  startup_stm32f429_439xx.o(.text)
    TIM8_CC_IRQHandler                       0x08000267   Thumb Code     0  startup_stm32f429_439xx.o(.text)
    TIM8_TRG_COM_TIM14_IRQHandler            0x08000267   Thumb Code     0  startup_stm32f429_439xx.o(.text)
    TIM8_UP_TIM13_IRQHandler                 0x08000267   Thumb Code     0  startup_stm32f429_439xx.o(.text)
    UART4_IRQHandler                         0x08000267   Thumb Code     0  startup_stm32f429_439xx.o(.text)
    UART5_IRQHandler                         0x08000267   Thumb Code     0  startup_stm32f429_439xx.o(.text)
    UART7_IRQHandler                         0x08000267   Thumb Code     0  startup_stm32f429_439xx.o(.text)
    UART8_IRQHandler                         0x08000267   Thumb Code     0  startup_stm32f429_439xx.o(.text)
    USART1_IRQHandler                        0x08000267   Thumb Code     0  startup_stm32f429_439xx.o(.text)
    USART2_IRQHandler                        0x08000267   Thumb Code     0  startup_stm32f429_439xx.o(.text)
    USART6_IRQHandler                        0x08000267   Thumb Code     0  startup_stm32f429_439xx.o(.text)
    WWDG_IRQHandler                          0x08000267   Thumb Code     0  startup_stm32f429_439xx.o(.text)
    __user_initial_stackheap                 0x08000269   Thumb Code     0  startup_stm32f429_439xx.o(.text)
    SystemInit                               0x0800034b   Thumb Code    74  system_stm32f4xx.o(.text)
    SystemCoreClockUpdate                    0x08000395   Thumb Code   108  system_stm32f4xx.o(.text)
    NVIC_PriorityGroupConfig                 0x08000425   Thumb Code    10  misc.o(.text)
    NVIC_Init                                0x0800042f   Thumb Code    92  misc.o(.text)
    NVIC_SetVectorTable                      0x0800048b   Thumb Code    14  misc.o(.text)
    NVIC_SystemLPConfig                      0x08000499   Thumb Code    20  misc.o(.text)
    SysTick_CLKSourceConfig                  0x080004ad   Thumb Code    24  misc.o(.text)
    DMA_DeInit                               0x080004d5   Thumb Code   272  stm32f4xx_dma.o(.text)
    DMA_Init                                 0x080005e5   Thumb Code    80  stm32f4xx_dma.o(.text)
    DMA_StructInit                           0x08000635   Thumb Code    34  stm32f4xx_dma.o(.text)
    DMA_Cmd                                  0x08000657   Thumb Code    20  stm32f4xx_dma.o(.text)
    DMA_PeriphIncOffsetSizeConfig            0x0800066b   Thumb Code    20  stm32f4xx_dma.o(.text)
    DMA_FlowControllerConfig                 0x0800067f   Thumb Code    20  stm32f4xx_dma.o(.text)
    DMA_SetCurrDataCounter                   0x08000693   Thumb Code     4  stm32f4xx_dma.o(.text)
    DMA_GetCurrDataCounter                   0x08000697   Thumb Code     6  stm32f4xx_dma.o(.text)
    DMA_DoubleBufferModeConfig               0x0800069d   Thumb Code    22  stm32f4xx_dma.o(.text)
    DMA_DoubleBufferModeCmd                  0x080006b3   Thumb Code    20  stm32f4xx_dma.o(.text)
    DMA_MemoryTargetConfig                   0x080006c7   Thumb Code    10  stm32f4xx_dma.o(.text)
    DMA_GetCurrentMemoryTarget               0x080006d1   Thumb Code    14  stm32f4xx_dma.o(.text)
    DMA_GetCmdStatus                         0x080006df   Thumb Code    14  stm32f4xx_dma.o(.text)
    DMA_GetFIFOStatus                        0x080006ed   Thumb Code     8  stm32f4xx_dma.o(.text)
    DMA_GetFlagStatus                        0x080006f5   Thumb Code    42  stm32f4xx_dma.o(.text)
    DMA_ClearFlag                            0x0800071f   Thumb Code    34  stm32f4xx_dma.o(.text)
    DMA_ITConfig                             0x08000741   Thumb Code    44  stm32f4xx_dma.o(.text)
    DMA_GetITStatus                          0x0800076d   Thumb Code    70  stm32f4xx_dma.o(.text)
    DMA_ClearITPendingBit                    0x080007b3   Thumb Code    34  stm32f4xx_dma.o(.text)
    EXTI_DeInit                              0x080007f5   Thumb Code    28  stm32f4xx_exti.o(.text)
    EXTI_Init                                0x08000811   Thumb Code   108  stm32f4xx_exti.o(.text)
    EXTI_StructInit                          0x0800087d   Thumb Code    14  stm32f4xx_exti.o(.text)
    EXTI_GenerateSWInterrupt                 0x0800088b   Thumb Code    12  stm32f4xx_exti.o(.text)
    EXTI_GetFlagStatus                       0x08000897   Thumb Code    18  stm32f4xx_exti.o(.text)
    EXTI_ClearFlag                           0x080008a9   Thumb Code     8  stm32f4xx_exti.o(.text)
    EXTI_GetITStatus                         0x080008b1   Thumb Code    18  stm32f4xx_exti.o(.text)
    EXTI_ClearITPendingBit                   0x080008c3   Thumb Code     8  stm32f4xx_exti.o(.text)
    GPIO_DeInit                              0x080008d5   Thumb Code   216  stm32f4xx_gpio.o(.text)
    GPIO_Init                                0x080009ad   Thumb Code   120  stm32f4xx_gpio.o(.text)
    GPIO_StructInit                          0x08000a25   Thumb Code    18  stm32f4xx_gpio.o(.text)
    GPIO_PinLockConfig                       0x08000a37   Thumb Code    24  stm32f4xx_gpio.o(.text)
    GPIO_ReadInputDataBit                    0x08000a4f   Thumb Code    14  stm32f4xx_gpio.o(.text)
    GPIO_ReadInputData                       0x08000a5d   Thumb Code     6  stm32f4xx_gpio.o(.text)
    GPIO_ReadOutputDataBit                   0x08000a63   Thumb Code    14  stm32f4xx_gpio.o(.text)
    GPIO_ReadOutputData                      0x08000a71   Thumb Code     6  stm32f4xx_gpio.o(.text)
    GPIO_SetBits                             0x08000a77   Thumb Code     4  stm32f4xx_gpio.o(.text)
    GPIO_ResetBits                           0x08000a7b   Thumb Code     4  stm32f4xx_gpio.o(.text)
    GPIO_WriteBit                            0x08000a7f   Thumb Code    10  stm32f4xx_gpio.o(.text)
    GPIO_Write                               0x08000a89   Thumb Code     4  stm32f4xx_gpio.o(.text)
    GPIO_ToggleBits                          0x08000a8d   Thumb Code     8  stm32f4xx_gpio.o(.text)
    GPIO_PinAFConfig                         0x08000a95   Thumb Code    32  stm32f4xx_gpio.o(.text)
    I2C_DeInit                               0x08000ae1   Thumb Code    56  stm32f4xx_i2c.o(.text)
    I2C_Init                                 0x08000b19   Thumb Code   172  stm32f4xx_i2c.o(.text)
    I2C_StructInit                           0x08000bc5   Thumb Code    28  stm32f4xx_i2c.o(.text)
    I2C_Cmd                                  0x08000be1   Thumb Code    20  stm32f4xx_i2c.o(.text)
    I2C_AnalogFilterCmd                      0x08000bf5   Thumb Code    20  stm32f4xx_i2c.o(.text)
    I2C_DigitalFilterConfig                  0x08000c09   Thumb Code    16  stm32f4xx_i2c.o(.text)
    I2C_GenerateSTART                        0x08000c19   Thumb Code    20  stm32f4xx_i2c.o(.text)
    I2C_GenerateSTOP                         0x08000c2d   Thumb Code    20  stm32f4xx_i2c.o(.text)
    I2C_Send7bitAddress                      0x08000c41   Thumb Code    16  stm32f4xx_i2c.o(.text)
    I2C_AcknowledgeConfig                    0x08000c51   Thumb Code    20  stm32f4xx_i2c.o(.text)
    I2C_OwnAddress2Config                    0x08000c65   Thumb Code    16  stm32f4xx_i2c.o(.text)
    I2C_DualAddressCmd                       0x08000c75   Thumb Code    20  stm32f4xx_i2c.o(.text)
    I2C_GeneralCallCmd                       0x08000c89   Thumb Code    20  stm32f4xx_i2c.o(.text)
    I2C_SoftwareResetCmd                     0x08000c9d   Thumb Code    20  stm32f4xx_i2c.o(.text)
    I2C_StretchClockCmd                      0x08000cb1   Thumb Code    20  stm32f4xx_i2c.o(.text)
    I2C_FastModeDutyCycleConfig              0x08000cc5   Thumb Code    22  stm32f4xx_i2c.o(.text)
    I2C_NACKPositionConfig                   0x08000cdb   Thumb Code    22  stm32f4xx_i2c.o(.text)
    I2C_SMBusAlertConfig                     0x08000cf1   Thumb Code    22  stm32f4xx_i2c.o(.text)
    I2C_ARPCmd                               0x08000d07   Thumb Code    20  stm32f4xx_i2c.o(.text)
    I2C_SendData                             0x08000d1b   Thumb Code     4  stm32f4xx_i2c.o(.text)
    I2C_ReceiveData                          0x08000d1f   Thumb Code     6  stm32f4xx_i2c.o(.text)
    I2C_TransmitPEC                          0x08000d25   Thumb Code    20  stm32f4xx_i2c.o(.text)
    I2C_PECPositionConfig                    0x08000d39   Thumb Code    22  stm32f4xx_i2c.o(.text)
    I2C_CalculatePEC                         0x08000d4f   Thumb Code    20  stm32f4xx_i2c.o(.text)
    I2C_GetPEC                               0x08000d63   Thumb Code     6  stm32f4xx_i2c.o(.text)
    I2C_DMACmd                               0x08000d69   Thumb Code    20  stm32f4xx_i2c.o(.text)
    I2C_DMALastTransferCmd                   0x08000d7d   Thumb Code    20  stm32f4xx_i2c.o(.text)
    I2C_ReadRegister                         0x08000d91   Thumb Code    10  stm32f4xx_i2c.o(.text)
    I2C_ITConfig                             0x08000d9b   Thumb Code    16  stm32f4xx_i2c.o(.text)
    I2C_CheckEvent                           0x08000dab   Thumb Code    24  stm32f4xx_i2c.o(.text)
    I2C_GetLastEvent                         0x08000dc3   Thumb Code    14  stm32f4xx_i2c.o(.text)
    I2C_GetFlagStatus                        0x08000dd1   Thumb Code    42  stm32f4xx_i2c.o(.text)
    I2C_ClearFlag                            0x08000dfb   Thumb Code     6  stm32f4xx_i2c.o(.text)
    I2C_GetITStatus                          0x08000e01   Thumb Code    36  stm32f4xx_i2c.o(.text)
    I2C_ClearITPendingBit                    0x08000e25   Thumb Code     6  stm32f4xx_i2c.o(.text)
    RCC_DeInit                               0x08000e41   Thumb Code    68  stm32f4xx_rcc.o(.text)
    RCC_HSEConfig                            0x08000e85   Thumb Code    12  stm32f4xx_rcc.o(.text)
    RCC_GetFlagStatus                        0x08000e91   Thumb Code    46  stm32f4xx_rcc.o(.text)
    RCC_WaitForHSEStartUp                    0x08000ebf   Thumb Code    44  stm32f4xx_rcc.o(.text)
    RCC_AdjustHSICalibrationValue            0x08000eeb   Thumb Code    16  stm32f4xx_rcc.o(.text)
    RCC_HSICmd                               0x08000efb   Thumb Code     6  stm32f4xx_rcc.o(.text)
    RCC_LSEConfig                            0x08000f01   Thumb Code    24  stm32f4xx_rcc.o(.text)
    RCC_LSICmd                               0x08000f19   Thumb Code     6  stm32f4xx_rcc.o(.text)
    RCC_PLLConfig                            0x08000f1f   Thumb Code    32  stm32f4xx_rcc.o(.text)
    RCC_PLLCmd                               0x08000f3f   Thumb Code     6  stm32f4xx_rcc.o(.text)
    RCC_PLLI2SConfig                         0x08000f45   Thumb Code    18  stm32f4xx_rcc.o(.text)
    RCC_PLLI2SCmd                            0x08000f57   Thumb Code     6  stm32f4xx_rcc.o(.text)
    RCC_PLLSAIConfig                         0x08000f5d   Thumb Code    18  stm32f4xx_rcc.o(.text)
    RCC_PLLSAICmd                            0x08000f6f   Thumb Code     6  stm32f4xx_rcc.o(.text)
    RCC_ClockSecuritySystemCmd               0x08000f75   Thumb Code     6  stm32f4xx_rcc.o(.text)
    RCC_MCO1Config                           0x08000f7b   Thumb Code    18  stm32f4xx_rcc.o(.text)
    RCC_MCO2Config                           0x08000f8d   Thumb Code    18  stm32f4xx_rcc.o(.text)
    RCC_SYSCLKConfig                         0x08000f9f   Thumb Code    16  stm32f4xx_rcc.o(.text)
    RCC_GetSYSCLKSource                      0x08000faf   Thumb Code    12  stm32f4xx_rcc.o(.text)
    RCC_HCLKConfig                           0x08000fbb   Thumb Code    16  stm32f4xx_rcc.o(.text)
    RCC_PCLK1Config                          0x08000fcb   Thumb Code    16  stm32f4xx_rcc.o(.text)
    RCC_PCLK2Config                          0x08000fdb   Thumb Code    18  stm32f4xx_rcc.o(.text)
    RCC_GetClocksFreq                        0x08000fed   Thumb Code   134  stm32f4xx_rcc.o(.text)
    RCC_RTCCLKConfig                         0x08001073   Thumb Code    42  stm32f4xx_rcc.o(.text)
    RCC_RTCCLKCmd                            0x0800109d   Thumb Code     8  stm32f4xx_rcc.o(.text)
    RCC_BackupResetCmd                       0x080010a5   Thumb Code     8  stm32f4xx_rcc.o(.text)
    RCC_I2SCLKConfig                         0x080010ad   Thumb Code     6  stm32f4xx_rcc.o(.text)
    RCC_SAIPLLI2SClkDivConfig                0x080010b3   Thumb Code    18  stm32f4xx_rcc.o(.text)
    RCC_SAIPLLSAIClkDivConfig                0x080010c5   Thumb Code    24  stm32f4xx_rcc.o(.text)
    RCC_SAIBlockACLKConfig                   0x080010dd   Thumb Code    16  stm32f4xx_rcc.o(.text)
    RCC_SAIBlockBCLKConfig                   0x080010ed   Thumb Code    16  stm32f4xx_rcc.o(.text)
    RCC_LTDCCLKDivConfig                     0x080010fd   Thumb Code    16  stm32f4xx_rcc.o(.text)
    RCC_TIMCLKPresConfig                     0x0800110d   Thumb Code     6  stm32f4xx_rcc.o(.text)
    RCC_AHB1PeriphClockCmd                   0x08001113   Thumb Code    20  stm32f4xx_rcc.o(.text)
    RCC_AHB2PeriphClockCmd                   0x08001127   Thumb Code    20  stm32f4xx_rcc.o(.text)
    RCC_AHB3PeriphClockCmd                   0x0800113b   Thumb Code    20  stm32f4xx_rcc.o(.text)
    RCC_APB1PeriphClockCmd                   0x0800114f   Thumb Code    20  stm32f4xx_rcc.o(.text)
    RCC_APB2PeriphClockCmd                   0x08001163   Thumb Code    20  stm32f4xx_rcc.o(.text)
    RCC_AHB1PeriphResetCmd                   0x08001177   Thumb Code    20  stm32f4xx_rcc.o(.text)
    RCC_AHB2PeriphResetCmd                   0x0800118b   Thumb Code    20  stm32f4xx_rcc.o(.text)
    RCC_AHB3PeriphResetCmd                   0x0800119f   Thumb Code    20  stm32f4xx_rcc.o(.text)
    RCC_APB1PeriphResetCmd                   0x080011b3   Thumb Code    20  stm32f4xx_rcc.o(.text)
    RCC_APB2PeriphResetCmd                   0x080011c7   Thumb Code    20  stm32f4xx_rcc.o(.text)
    RCC_AHB1PeriphClockLPModeCmd             0x080011db   Thumb Code    20  stm32f4xx_rcc.o(.text)
    RCC_AHB2PeriphClockLPModeCmd             0x080011ef   Thumb Code    20  stm32f4xx_rcc.o(.text)
    RCC_AHB3PeriphClockLPModeCmd             0x08001203   Thumb Code    20  stm32f4xx_rcc.o(.text)
    RCC_APB1PeriphClockLPModeCmd             0x08001217   Thumb Code    68  stm32f4xx_rcc.o(.text)
    RCC_APB2PeriphClockLPModeCmd             0x0800125b   Thumb Code    18  stm32f4xx_rcc.o(.text)
    RCC_ITConfig                             0x0800126d   Thumb Code    20  stm32f4xx_rcc.o(.text)
    RCC_ClearFlag                            0x08001281   Thumb Code    14  stm32f4xx_rcc.o(.text)
    RCC_GetITStatus                          0x0800128f   Thumb Code    18  stm32f4xx_rcc.o(.text)
    RCC_ClearITPendingBit                    0x080012a1   Thumb Code     8  stm32f4xx_rcc.o(.text)
    SYSCFG_DeInit                            0x080012ad   Thumb Code    24  stm32f4xx_syscfg.o(.text)
    SYSCFG_MemoryRemapConfig                 0x080012c5   Thumb Code     6  stm32f4xx_syscfg.o(.text)
    SYSCFG_MemorySwappingBank                0x080012cb   Thumb Code     6  stm32f4xx_syscfg.o(.text)
    SYSCFG_EXTILineConfig                    0x080012d1   Thumb Code    36  stm32f4xx_syscfg.o(.text)
    SYSCFG_ETH_MediaInterfaceConfig          0x080012f5   Thumb Code     8  stm32f4xx_syscfg.o(.text)
    SYSCFG_CompensationCellCmd               0x080012fd   Thumb Code     6  stm32f4xx_syscfg.o(.text)
    SYSCFG_GetCompensationCellStatus         0x08001303   Thumb Code    16  stm32f4xx_syscfg.o(.text)
    USART_DeInit                             0x08001321   Thumb Code   138  stm32f4xx_usart.o(.text)
    USART_Init                               0x080013ab   Thumb Code   174  stm32f4xx_usart.o(.text)
    USART_StructInit                         0x08001459   Thumb Code    22  stm32f4xx_usart.o(.text)
    USART_ClockInit                          0x0800146f   Thumb Code    28  stm32f4xx_usart.o(.text)
    USART_ClockStructInit                    0x0800148b   Thumb Code    12  stm32f4xx_usart.o(.text)
    USART_Cmd                                0x08001497   Thumb Code    20  stm32f4xx_usart.o(.text)
    USART_SetPrescaler                       0x080014ab   Thumb Code    16  stm32f4xx_usart.o(.text)
    USART_OverSampling8Cmd                   0x080014bb   Thumb Code    20  stm32f4xx_usart.o(.text)
    USART_OneBitMethodCmd                    0x080014cf   Thumb Code    20  stm32f4xx_usart.o(.text)
    USART_SendData                           0x080014e3   Thumb Code     8  stm32f4xx_usart.o(.text)
    USART_ReceiveData                        0x080014eb   Thumb Code     8  stm32f4xx_usart.o(.text)
    USART_SetAddress                         0x080014f3   Thumb Code    16  stm32f4xx_usart.o(.text)
    USART_ReceiverWakeUpCmd                  0x08001503   Thumb Code    20  stm32f4xx_usart.o(.text)
    USART_WakeUpConfig                       0x08001517   Thumb Code    16  stm32f4xx_usart.o(.text)
    USART_LINBreakDetectLengthConfig         0x08001527   Thumb Code    16  stm32f4xx_usart.o(.text)
    USART_LINCmd                             0x08001537   Thumb Code    20  stm32f4xx_usart.o(.text)
    USART_SendBreak                          0x0800154b   Thumb Code    10  stm32f4xx_usart.o(.text)
    USART_HalfDuplexCmd                      0x08001555   Thumb Code    20  stm32f4xx_usart.o(.text)
    USART_SetGuardTime                       0x08001569   Thumb Code    16  stm32f4xx_usart.o(.text)
    USART_SmartCardCmd                       0x08001579   Thumb Code    20  stm32f4xx_usart.o(.text)
    USART_SmartCardNACKCmd                   0x0800158d   Thumb Code    20  stm32f4xx_usart.o(.text)
    USART_IrDAConfig                         0x080015a1   Thumb Code    16  stm32f4xx_usart.o(.text)
    USART_IrDACmd                            0x080015b1   Thumb Code    20  stm32f4xx_usart.o(.text)
    USART_DMACmd                             0x080015c5   Thumb Code    16  stm32f4xx_usart.o(.text)
    USART_ITConfig                           0x080015d5   Thumb Code    48  stm32f4xx_usart.o(.text)
    USART_GetFlagStatus                      0x08001605   Thumb Code    14  stm32f4xx_usart.o(.text)
    USART_ClearFlag                          0x08001613   Thumb Code     6  stm32f4xx_usart.o(.text)
    USART_GetITStatus                        0x08001619   Thumb Code    62  stm32f4xx_usart.o(.text)
    USART_ClearITPendingBit                  0x08001657   Thumb Code    12  stm32f4xx_usart.o(.text)
    TIM_DeInit                               0x08001685   Thumb Code   284  stm32f4xx_tim.o(.text)
    TIM_TimeBaseInit                         0x080017a1   Thumb Code    96  stm32f4xx_tim.o(.text)
    TIM_TimeBaseStructInit                   0x08001801   Thumb Code    18  stm32f4xx_tim.o(.text)
    TIM_PrescalerConfig                      0x08001813   Thumb Code     6  stm32f4xx_tim.o(.text)
    TIM_CounterModeConfig                    0x08001819   Thumb Code    12  stm32f4xx_tim.o(.text)
    TIM_SetCounter                           0x08001825   Thumb Code     4  stm32f4xx_tim.o(.text)
    TIM_SetAutoreload                        0x08001829   Thumb Code     4  stm32f4xx_tim.o(.text)
    TIM_GetCounter                           0x0800182d   Thumb Code     4  stm32f4xx_tim.o(.text)
    TIM_GetPrescaler                         0x08001831   Thumb Code     4  stm32f4xx_tim.o(.text)
    TIM_UpdateDisableConfig                  0x08001835   Thumb Code    20  stm32f4xx_tim.o(.text)
    TIM_UpdateRequestConfig                  0x08001849   Thumb Code    20  stm32f4xx_tim.o(.text)
    TIM_ARRPreloadConfig                     0x0800185d   Thumb Code    20  stm32f4xx_tim.o(.text)
    TIM_SelectOnePulseMode                   0x08001871   Thumb Code    16  stm32f4xx_tim.o(.text)
    TIM_SetClockDivision                     0x08001881   Thumb Code    16  stm32f4xx_tim.o(.text)
    TIM_Cmd                                  0x08001891   Thumb Code    20  stm32f4xx_tim.o(.text)
    TIM_OC1Init                              0x080018a5   Thumb Code    88  stm32f4xx_tim.o(.text)
    TIM_OC2Init                              0x080018fd   Thumb Code   120  stm32f4xx_tim.o(.text)
    TIM_OC3Init                              0x08001975   Thumb Code   116  stm32f4xx_tim.o(.text)
    TIM_OC4Init                              0x080019e9   Thumb Code    88  stm32f4xx_tim.o(.text)
    TIM_OCStructInit                         0x08001a41   Thumb Code    20  stm32f4xx_tim.o(.text)
    TIM_SelectOCxM                           0x08001a55   Thumb Code   130  stm32f4xx_tim.o(.text)
    TIM_SetCompare1                          0x08001ad7   Thumb Code     4  stm32f4xx_tim.o(.text)
    TIM_SetCompare2                          0x08001adb   Thumb Code     4  stm32f4xx_tim.o(.text)
    TIM_SetCompare3                          0x08001adf   Thumb Code     4  stm32f4xx_tim.o(.text)
    TIM_SetCompare4                          0x08001ae3   Thumb Code     4  stm32f4xx_tim.o(.text)
    TIM_ForcedOC1Config                      0x08001ae7   Thumb Code    12  stm32f4xx_tim.o(.text)
    TIM_ForcedOC2Config                      0x08001af3   Thumb Code    20  stm32f4xx_tim.o(.text)
    TIM_ForcedOC3Config                      0x08001b07   Thumb Code    12  stm32f4xx_tim.o(.text)
    TIM_ForcedOC4Config                      0x08001b13   Thumb Code    20  stm32f4xx_tim.o(.text)
    TIM_OC1PreloadConfig                     0x08001b27   Thumb Code    12  stm32f4xx_tim.o(.text)
    TIM_OC2PreloadConfig                     0x08001b33   Thumb Code    20  stm32f4xx_tim.o(.text)
    TIM_OC3PreloadConfig                     0x08001b47   Thumb Code    12  stm32f4xx_tim.o(.text)
    TIM_OC4PreloadConfig                     0x08001b53   Thumb Code    20  stm32f4xx_tim.o(.text)
    TIM_OC1FastConfig                        0x08001b67   Thumb Code    12  stm32f4xx_tim.o(.text)
    TIM_OC2FastConfig                        0x08001b73   Thumb Code    20  stm32f4xx_tim.o(.text)
    TIM_OC3FastConfig                        0x08001b87   Thumb Code    12  stm32f4xx_tim.o(.text)
    TIM_OC4FastConfig                        0x08001b93   Thumb Code    20  stm32f4xx_tim.o(.text)
    TIM_ClearOC1Ref                          0x08001ba7   Thumb Code    12  stm32f4xx_tim.o(.text)
    TIM_ClearOC2Ref                          0x08001bb3   Thumb Code    20  stm32f4xx_tim.o(.text)
    TIM_ClearOC3Ref                          0x08001bc7   Thumb Code    12  stm32f4xx_tim.o(.text)
    TIM_ClearOC4Ref                          0x08001bd3   Thumb Code    20  stm32f4xx_tim.o(.text)
    TIM_OC1PolarityConfig                    0x08001be7   Thumb Code    12  stm32f4xx_tim.o(.text)
    TIM_OC1NPolarityConfig                   0x08001bf3   Thumb Code    12  stm32f4xx_tim.o(.text)
    TIM_OC2PolarityConfig                    0x08001bff   Thumb Code    20  stm32f4xx_tim.o(.text)
    TIM_OC2NPolarityConfig                   0x08001c13   Thumb Code    20  stm32f4xx_tim.o(.text)
    TIM_OC3PolarityConfig                    0x08001c27   Thumb Code    20  stm32f4xx_tim.o(.text)
    TIM_OC3NPolarityConfig                   0x08001c3b   Thumb Code    20  stm32f4xx_tim.o(.text)
    TIM_OC4PolarityConfig                    0x08001c4f   Thumb Code    20  stm32f4xx_tim.o(.text)
    TIM_CCxCmd                               0x08001c63   Thumb Code    22  stm32f4xx_tim.o(.text)
    TIM_CCxNCmd                              0x08001c79   Thumb Code    22  stm32f4xx_tim.o(.text)
    TIM_SetIC4Prescaler                      0x08001c8f   Thumb Code    24  stm32f4xx_tim.o(.text)
    TIM_SetIC3Prescaler                      0x08001ca7   Thumb Code    16  stm32f4xx_tim.o(.text)
    TIM_SetIC2Prescaler                      0x08001cb7   Thumb Code    24  stm32f4xx_tim.o(.text)
    TIM_SetIC1Prescaler                      0x08001d05   Thumb Code    16  stm32f4xx_tim.o(.text)
    TIM_ICInit                               0x08001d15   Thumb Code   164  stm32f4xx_tim.o(.text)
    TIM_ICStructInit                         0x08001db9   Thumb Code    16  stm32f4xx_tim.o(.text)
    TIM_PWMIConfig                           0x08001dc9   Thumb Code   104  stm32f4xx_tim.o(.text)
    TIM_GetCapture1                          0x08001e31   Thumb Code     4  stm32f4xx_tim.o(.text)
    TIM_GetCapture2                          0x08001e35   Thumb Code     4  stm32f4xx_tim.o(.text)
    TIM_GetCapture3                          0x08001e39   Thumb Code     4  stm32f4xx_tim.o(.text)
    TIM_GetCapture4                          0x08001e3d   Thumb Code     4  stm32f4xx_tim.o(.text)
    TIM_BDTRConfig                           0x08001e41   Thumb Code    34  stm32f4xx_tim.o(.text)
    TIM_BDTRStructInit                       0x08001e63   Thumb Code    18  stm32f4xx_tim.o(.text)
    TIM_CtrlPWMOutputs                       0x08001e75   Thumb Code    22  stm32f4xx_tim.o(.text)
    TIM_SelectCOM                            0x08001e8b   Thumb Code    20  stm32f4xx_tim.o(.text)
    TIM_CCPreloadControl                     0x08001e9f   Thumb Code    20  stm32f4xx_tim.o(.text)
    TIM_ITConfig                             0x08001eb3   Thumb Code    16  stm32f4xx_tim.o(.text)
    TIM_GenerateEvent                        0x08001ec3   Thumb Code     4  stm32f4xx_tim.o(.text)
    TIM_GetFlagStatus                        0x08001ec7   Thumb Code    14  stm32f4xx_tim.o(.text)
    TIM_ClearFlag                            0x08001ed5   Thumb Code     6  stm32f4xx_tim.o(.text)
    TIM_GetITStatus                          0x08001edb   Thumb Code    24  stm32f4xx_tim.o(.text)
    TIM_ClearITPendingBit                    0x08001ef3   Thumb Code     6  stm32f4xx_tim.o(.text)
    TIM_DMAConfig                            0x08001ef9   Thumb Code     8  stm32f4xx_tim.o(.text)
    TIM_DMACmd                               0x08001f01   Thumb Code    16  stm32f4xx_tim.o(.text)
    TIM_SelectCCDMA                          0x08001f11   Thumb Code    20  stm32f4xx_tim.o(.text)
    TIM_InternalClockConfig                  0x08001f25   Thumb Code    10  stm32f4xx_tim.o(.text)
    TIM_SelectInputTrigger                   0x08001f2f   Thumb Code    12  stm32f4xx_tim.o(.text)
    TIM_ITRxExternalClockConfig              0x08001f3b   Thumb Code    18  stm32f4xx_tim.o(.text)
    TIM_TIxExternalClockConfig               0x08001f4d   Thumb Code    46  stm32f4xx_tim.o(.text)
    TIM_ETRConfig                            0x08001f7b   Thumb Code    24  stm32f4xx_tim.o(.text)
    TIM_ETRClockMode1Config                  0x08001f93   Thumb Code    18  stm32f4xx_tim.o(.text)
    TIM_ETRClockMode2Config                  0x08001fa5   Thumb Code    18  stm32f4xx_tim.o(.text)
    TIM_SelectOutputTrigger                  0x08001fb7   Thumb Code    16  stm32f4xx_tim.o(.text)
    TIM_SelectSlaveMode                      0x08001fc7   Thumb Code    16  stm32f4xx_tim.o(.text)
    TIM_SelectMasterSlaveMode                0x08001fd7   Thumb Code    16  stm32f4xx_tim.o(.text)
    TIM_EncoderInterfaceConfig               0x08001fe7   Thumb Code    50  stm32f4xx_tim.o(.text)
    TIM_SelectHallSensor                     0x08002019   Thumb Code    20  stm32f4xx_tim.o(.text)
    TIM_RemapConfig                          0x0800202d   Thumb Code     6  stm32f4xx_tim.o(.text)
    Queue_Push                               0x08002061   Thumb Code    20  queue.o(.text)
    Queue_Pop                                0x08002075   Thumb Code    38  queue.o(.text)
    Queue_Peek                               0x0800209b   Thumb Code     4  queue.o(.text)
    Queue_Is_Empty                           0x0800209f   Thumb Code    14  queue.o(.text)
    Queue_Is_Full                            0x080020ad   Thumb Code    16  queue.o(.text)
    Push_queue                               0x080020bd   Thumb Code    36  queue.o(.text)
    Push_string                              0x080020e1   Thumb Code    28  queue.o(.text)
    decimal_part                             0x080020fd   Thumb Code   106  function.o(.text)
    reverse_queue                            0x08002167   Thumb Code    52  function.o(.text)
    remove_zero                              0x0800219b   Thumb Code    44  function.o(.text)
    encoder                                  0x080021c7   Thumb Code    56  function.o(.text)
    decoder                                  0x080021ff   Thumb Code    46  function.o(.text)
    operation                                0x0800222d   Thumb Code   498  function.o(.text)
    Queue_Init                               0x0800241f   Thumb Code    18  function.o(.text)
    error_option                             0x08002469   Thumb Code   104  main.o(.text)
    input_stopwatch                          0x080024d1   Thumb Code   104  main.o(.text)
    input_countdown                          0x08002539   Thumb Code   104  main.o(.text)
    timmer_option                            0x080025a1   Thumb Code   152  main.o(.text)
    blink_led_running                        0x08002639   Thumb Code   240  main.o(.text)
    blink_led_option                         0x08002729   Thumb Code   104  main.o(.text)
    led_green_option                         0x08002791   Thumb Code   108  main.o(.text)
    led_red_option                           0x080027fd   Thumb Code   140  main.o(.text)
    led_option                               0x08002889   Thumb Code   178  main.o(.text)
    operation_result_option                  0x0800293b   Thumb Code   202  main.o(.text)
    number2_option                           0x08002a05   Thumb Code    88  main.o(.text)
    munber1_option                           0x08002a5d   Thumb Code   104  main.o(.text)
    operation_option                         0x08002ac5   Thumb Code   248  main.o(.text)
    student_info                             0x08002bbd   Thumb Code   152  main.o(.text)
    main_option                              0x08002c55   Thumb Code   246  main.o(.text)
    TIM4_Configuration                       0x08002d4b   Thumb Code    70  main.o(.text)
    uart_interrupt_my_init                   0x08002d91   Thumb Code   170  main.o(.text)
    main                                     0x08002e3b   Thumb Code   704  main.o(.text)
    NMI_Handler                              0x080030fd   Thumb Code     2  stm32f4xx_it.o(.text)
    HardFault_Handler                        0x080030ff   Thumb Code     2  stm32f4xx_it.o(.text)
    MemManage_Handler                        0x08003101   Thumb Code     2  stm32f4xx_it.o(.text)
    BusFault_Handler                         0x08003103   Thumb Code     2  stm32f4xx_it.o(.text)
    UsageFault_Handler                       0x08003105   Thumb Code     2  stm32f4xx_it.o(.text)
    SVC_Handler                              0x08003107   Thumb Code     2  stm32f4xx_it.o(.text)
    DebugMon_Handler                         0x08003109   Thumb Code     2  stm32f4xx_it.o(.text)
    PendSV_Handler                           0x0800310b   Thumb Code     2  stm32f4xx_it.o(.text)
    SysTick_Handler                          0x0800310d   Thumb Code     2  stm32f4xx_it.o(.text)
    TIM4_IRQHandler                          0x0800310f   Thumb Code    90  stm32f4xx_it.o(.text)
    USART3_IRQHandler                        0x08003169   Thumb Code   626  stm32f4xx_it.o(.text)
    STM_EVAL_LEDInit                         0x08003419   Thumb Code    62  stm32f429i_discovery.o(.text)
    STM_EVAL_LEDOn                           0x08003457   Thumb Code    18  stm32f429i_discovery.o(.text)
    STM_EVAL_LEDOff                          0x08003469   Thumb Code    18  stm32f429i_discovery.o(.text)
    STM_EVAL_LEDToggle                       0x0800347b   Thumb Code    22  stm32f429i_discovery.o(.text)
    STM_EVAL_PBInit                          0x08003491   Thumb Code   150  stm32f429i_discovery.o(.text)
    STM_EVAL_PBGetState                      0x08003527   Thumb Code    20  stm32f429i_discovery.o(.text)
    sEE_LowLevel_DeInit                      0x0800353b   Thumb Code   132  stm32f429i_discovery.o(.text)
    sEE_LowLevel_Init                        0x080035bf   Thumb Code   302  stm32f429i_discovery.o(.text)
    sEE_LowLevel_DMAConfig                   0x080036ed   Thumb Code    34  stm32f429i_discovery.o(.text)
    sEE_DeInit                               0x08003735   Thumb Code     4  stm32f429i_discovery_i2c_ee.o(.text)
    sEE_Init                                 0x08003739   Thumb Code    80  stm32f429i_discovery_i2c_ee.o(.text)
    sEE_TIMEOUT_UserCallback                 0x08003789   Thumb Code     2  stm32f429i_discovery_i2c_ee.o(.text)
    sEE_ReadBuffer                           0x0800378b   Thumb Code   492  stm32f429i_discovery_i2c_ee.o(.text)
    sEE_WritePage                            0x08003977   Thumb Code   244  stm32f429i_discovery_i2c_ee.o(.text)
    sEE_WaitEepromStandbyState               0x08003a6b   Thumb Code   222  stm32f429i_discovery_i2c_ee.o(.text)
    sEE_WriteBuffer                          0x08003b49   Thumb Code   510  stm32f429i_discovery_i2c_ee.o(.text)
    DMA1_Stream4_IRQHandler                  0x08003d47   Thumb Code    86  stm32f429i_discovery_i2c_ee.o(.text)
    DMA1_Stream2_IRQHandler                  0x08003d9d   Thumb Code    56  stm32f429i_discovery_i2c_ee.o(.text)
    strlen                                   0x08003de9   Thumb Code    62  strlen.o(.text)
    __use_two_region_memory                  0x08003e27   Thumb Code     2  heapauxi.o(.text)
    __rt_heap_escrow$2region                 0x08003e29   Thumb Code     2  heapauxi.o(.text)
    __rt_heap_expand$2region                 0x08003e2b   Thumb Code     2  heapauxi.o(.text)
    __read_errno                             0x08003e2d   Thumb Code    10  _rserrno.o(.text)
    __set_errno                              0x08003e37   Thumb Code    12  _rserrno.o(.text)
    __aeabi_errno_addr                       0x08003e45   Thumb Code     8  rt_errno_addr_intlibspace.o(.text)
    __errno$intlibspace                      0x08003e45   Thumb Code     0  rt_errno_addr_intlibspace.o(.text)
    __rt_errno_addr$intlibspace              0x08003e45   Thumb Code     0  rt_errno_addr_intlibspace.o(.text)
    __user_libspace                          0x08003e4d   Thumb Code     8  libspace.o(.text)
    __user_perproc_libspace                  0x08003e4d   Thumb Code     0  libspace.o(.text)
    __user_perthread_libspace                0x08003e4d   Thumb Code     0  libspace.o(.text)
    __user_setup_stackheap                   0x08003e55   Thumb Code    74  sys_stackheap_outer.o(.text)
    exit                                     0x08003e9f   Thumb Code    12  exit.o(.text)
    _sys_exit                                0x08003ead   Thumb Code     8  sys_exit.o(.text)
    __I$use$semihosting                      0x08003eb9   Thumb Code     0  use_no_semi.o(.text)
    __use_no_semihosting_swi                 0x08003eb9   Thumb Code     2  use_no_semi.o(.text)
    __hardfp_sqrt                            0x08003ebb   Thumb Code   122  sqrt.o(i.__hardfp_sqrt)
    __semihosting_library_function           0x08003ebb   Thumb Code     0  indicate_semi.o(.text)
    __aeabi_dneg                             0x08003f35   Thumb Code     0  basic.o(x$fpl$basic)
    _dneg                                    0x08003f35   Thumb Code     6  basic.o(x$fpl$basic)
    __aeabi_fneg                             0x08003f3b   Thumb Code     0  basic.o(x$fpl$basic)
    _fneg                                    0x08003f3b   Thumb Code     6  basic.o(x$fpl$basic)
    _dabs                                    0x08003f41   Thumb Code     6  basic.o(x$fpl$basic)
    _fabs                                    0x08003f47   Thumb Code     6  basic.o(x$fpl$basic)
    __aeabi_dadd                             0x08003f4d   Thumb Code     0  daddsub_clz.o(x$fpl$dadd)
    _dadd                                    0x08003f4d   Thumb Code   332  daddsub_clz.o(x$fpl$dadd)
    __fpl_dcmp_Inf                           0x0800409d   Thumb Code    24  dcmpi.o(x$fpl$dcmpinf)
    __aeabi_ddiv                             0x080040b5   Thumb Code     0  ddiv.o(x$fpl$ddiv)
    _ddiv                                    0x080040b5   Thumb Code   552  ddiv.o(x$fpl$ddiv)
    __aeabi_d2iz                             0x08004365   Thumb Code     0  dfix.o(x$fpl$dfix)
    _dfix                                    0x08004365   Thumb Code    94  dfix.o(x$fpl$dfix)
    __aeabi_d2uiz                            0x080043c5   Thumb Code     0  dfixu.o(x$fpl$dfixu)
    _dfixu                                   0x080043c5   Thumb Code    90  dfixu.o(x$fpl$dfixu)
    __aeabi_i2d                              0x0800441f   Thumb Code     0  dflt_clz.o(x$fpl$dflt)
    _dflt                                    0x0800441f   Thumb Code    46  dflt_clz.o(x$fpl$dflt)
    __aeabi_cdcmple                          0x0800444d   Thumb Code     0  dleqf.o(x$fpl$dleqf)
    _dcmple                                  0x0800444d   Thumb Code   120  dleqf.o(x$fpl$dleqf)
    __fpl_dcmple_InfNaN                      0x080044af   Thumb Code     0  dleqf.o(x$fpl$dleqf)
    __aeabi_dmul                             0x080044c5   Thumb Code     0  dmul.o(x$fpl$dmul)
    _dmul                                    0x080044c5   Thumb Code   332  dmul.o(x$fpl$dmul)
    __fpl_dnaninf                            0x08004619   Thumb Code   156  dnaninf.o(x$fpl$dnaninf)
    __fpl_dretinf                            0x080046b5   Thumb Code    12  dretinf.o(x$fpl$dretinf)
    __aeabi_drsub                            0x080046c1   Thumb Code     0  daddsub_clz.o(x$fpl$drsb)
    _drsb                                    0x080046c1   Thumb Code    22  daddsub_clz.o(x$fpl$drsb)
    _dsqrt                                   0x080046d9   Thumb Code   404  dsqrt_umaal.o(x$fpl$dsqrt)
    __aeabi_dsub                             0x08004871   Thumb Code     0  daddsub_clz.o(x$fpl$dsub)
    _dsub                                    0x08004871   Thumb Code   464  daddsub_clz.o(x$fpl$dsub)
    _fp_init                                 0x08004a45   Thumb Code    10  fpinit.o(x$fpl$fpinit)
    __fplib_config_fpu_vfp                   0x08004a4d   Thumb Code     0  fpinit.o(x$fpl$fpinit)
    __fplib_config_pureend_doubles           0x08004a4d   Thumb Code     0  fpinit.o(x$fpl$fpinit)
    __I$use$fp                               0x08004a4e   Number         0  usenofp.o(x$fpl$usenofp)
    BUTTON_PORT_SOURCE                       0x08004a50   Data           1  stm32f429i_discovery.o(.constdata)
    BUTTON_PIN_SOURCE                        0x08004a51   Data           1  stm32f429i_discovery.o(.constdata)
    BUTTON_IRQn                              0x08004a52   Data           1  stm32f429i_discovery.o(.constdata)
    BUTTON_PIN                               0x08004a54   Data           2  stm32f429i_discovery.o(.constdata)
    BUTTON_EXTI_LINE                         0x08004a56   Data           2  stm32f429i_discovery.o(.constdata)
    GPIO_PIN                                 0x08004a58   Data           4  stm32f429i_discovery.o(.constdata)
    BUTTON_CLK                               0x08004a5c   Data           4  stm32f429i_discovery.o(.constdata)
    GPIO_CLK                                 0x08004a60   Data           8  stm32f429i_discovery.o(.constdata)
    Region$$Table$$Base                      0x08004c2c   Number         0  anon$$obj.o(Region$$Table)
    Region$$Table$$Limit                     0x08004c4c   Number         0  anon$$obj.o(Region$$Table)
    SystemCoreClock                          0x20000000   Data           4  system_stm32f4xx.o(.data)
    AHBPrescTable                            0x20000004   Data          16  system_stm32f4xx.o(.data)
    id                                       0x20000024   Data           1  main.o(.data)
    oper                                     0x20000025   Data           1  main.o(.data)
    sign_flag                                0x20000026   Data           1  main.o(.data)
    mode_counter                             0x20000027   Data           1  main.o(.data)
    flag                                     0x20000028   Data           1  main.o(.data)
    mode                                     0x20000029   Data           1  main.o(.data)
    error                                    0x2000002c   Data           4  main.o(.data)
    inputOption                              0x20000030   Data           4  main.o(.data)
    inputName                                0x20000034   Data           4  main.o(.data)
    inputOperation                           0x20000038   Data           4  main.o(.data)
    inputSimpleLed                           0x2000003c   Data           4  main.o(.data)
    inputAvanceLed                           0x20000040   Data           4  main.o(.data)
    Name                                     0x20000044   Data           4  main.o(.data)
    MSSV                                     0x20000048   Data           4  main.o(.data)
    ESC                                      0x2000004c   Data           4  main.o(.data)
    Plus                                     0x20000050   Data           4  main.o(.data)
    Subtract                                 0x20000054   Data           4  main.o(.data)
    Multiple                                 0x20000058   Data           4  main.o(.data)
    Divide                                   0x2000005c   Data           4  main.o(.data)
    Module                                   0x20000060   Data           4  main.o(.data)
    newLineStr                               0x20000064   Data           4  main.o(.data)
    number_1                                 0x20000068   Data           4  main.o(.data)
    number_2                                 0x2000006c   Data           4  main.o(.data)
    operation_result                         0x20000070   Data           4  main.o(.data)
    Turn_On_Led_Red                          0x20000074   Data           4  main.o(.data)
    Turn_On_Led_Green                        0x20000078   Data           4  main.o(.data)
    Blink_Led                                0x2000007c   Data           4  main.o(.data)
    Running                                  0x20000080   Data           4  main.o(.data)
    Count_Down                               0x20000084   Data           4  main.o(.data)
    Stop_Watch                               0x20000088   Data           4  main.o(.data)
    Counter_Time_Blink                       0x2000008c   Data           4  main.o(.data)
    Counter_Down                             0x20000090   Data           4  main.o(.data)
    Stop_Watch_Input                         0x20000094   Data           4  main.o(.data)
    counter                                  0x20000098   Data           4  main.o(.data)
    nvic_InitStructure                       0x2000009c   Data           4  main.o(.data)
    sign_number_1                            0x200000a0   Data           4  main.o(.data)
    sign_number_2                            0x200000a4   Data           4  main.o(.data)
    num1                                     0x200000a8   Data           8  main.o(.data)
    i                                        0x200000b0   Data           4  main.o(.data)
    result_decode                            0x200000b4   Data           4  main.o(.data)
    Timmer4                                  0x200000b8   Data           4  stm32f4xx_it.o(.data)
    Timmer_Led_Off                           0x200000bc   Data           4  stm32f4xx_it.o(.data)
    BUTTON_PORT                              0x200000c4   Data           4  stm32f429i_discovery.o(.data)
    NVIC_InitStructure                       0x200000c8   Data           4  stm32f429i_discovery.o(.data)
    GPIO_PORT                                0x200000cc   Data           8  stm32f429i_discovery.o(.data)
    sEEDataNum                               0x200000d4   Data           1  stm32f429i_discovery_i2c_ee.o(.data)
    sEEAddress                               0x200000d6   Data           2  stm32f429i_discovery_i2c_ee.o(.data)
    sEETimeout                               0x200000d8   Data           4  stm32f429i_discovery_i2c_ee.o(.data)
    sEEDataReadPointer                       0x200000dc   Data           4  stm32f429i_discovery_i2c_ee.o(.data)
    sEEDataWritePointer                      0x200000e0   Data           4  stm32f429i_discovery_i2c_ee.o(.data)
    TIM_TimeBaseStructure                    0x200000e4   Data          12  main.o(.bss)
    queue_send                               0x200000f0   Data        1024  main.o(.bss)
    queue_receive                            0x200004f0   Data        1024  main.o(.bss)
    queue_number_1                           0x200008f0   Data        1024  main.o(.bss)
    queue_number_2                           0x20000cf0   Data        1024  main.o(.bss)
    queue_result                             0x200010f0   Data        1024  main.o(.bss)
    queue_decimal                            0x200014f0   Data        1024  main.o(.bss)
    queue_counter                            0x200018f0   Data        1024  main.o(.bss)
    sEEDMA_InitStructure                     0x20001cf0   Data          60  stm32f429i_discovery.o(.bss)
    __libspace_start                         0x20001d2c   Data          96  libspace.o(.bss)
    __temporary_stack_top$libspace           0x20001d8c   Data           0  libspace.o(.bss)



==============================================================================

Memory Map of the image

  Image Entry point : 0x0800024d

  Load Region LR_1 (Base: 0x08000000, Size: 0x00004d30, Max: 0xffffffff, ABSOLUTE)

    Execution Region ER_RO (Base: 0x08000000, Size: 0x00004c4c, Max: 0xffffffff, ABSOLUTE)

    Base Addr    Size         Type   Attr      Idx    E Section Name        Object

    0x08000000   0x000001ac   Data   RO            3    RESET               startup_stm32f429_439xx.o
    0x080001ac   0x00000008   Code   RO          691  * !!!main             c_w.l(__main.o)
    0x080001b4   0x00000034   Code   RO          903    !!!scatter          c_w.l(__scatter.o)
    0x080001e8   0x0000001a   Code   RO          905    !!handler_copy      c_w.l(__scatter_copy.o)
    0x08000202   0x00000002   PAD
    0x08000204   0x0000001c   Code   RO          907    !!handler_zi        c_w.l(__scatter_zi.o)
    0x08000220   0x00000002   Code   RO          779    .ARM.Collect$$libinit$$00000000  c_w.l(libinit.o)
    0x08000222   0x00000004   Code   RO          782    .ARM.Collect$$libinit$$00000001  c_w.l(libinit2.o)
    0x08000226   0x00000000   Code   RO          786    .ARM.Collect$$libinit$$00000008  c_w.l(libinit2.o)
    0x08000226   0x00000000   Code   RO          788    .ARM.Collect$$libinit$$0000000A  c_w.l(libinit2.o)
    0x08000226   0x00000000   Code   RO          790    .ARM.Collect$$libinit$$0000000C  c_w.l(libinit2.o)
    0x08000226   0x00000000   Code   RO          793    .ARM.Collect$$libinit$$0000000F  c_w.l(libinit2.o)
    0x08000226   0x00000000   Code   RO          795    .ARM.Collect$$libinit$$00000011  c_w.l(libinit2.o)
    0x08000226   0x00000000   Code   RO          797    .ARM.Collect$$libinit$$00000013  c_w.l(libinit2.o)
    0x08000226   0x00000000   Code   RO          799    .ARM.Collect$$libinit$$00000015  c_w.l(libinit2.o)
    0x08000226   0x00000000   Code   RO          801    .ARM.Collect$$libinit$$00000017  c_w.l(libinit2.o)
    0x08000226   0x00000000   Code   RO          803    .ARM.Collect$$libinit$$00000019  c_w.l(libinit2.o)
    0x08000226   0x00000000   Code   RO          805    .ARM.Collect$$libinit$$0000001B  c_w.l(libinit2.o)
    0x08000226   0x00000000   Code   RO          807    .ARM.Collect$$libinit$$0000001D  c_w.l(libinit2.o)
    0x08000226   0x00000000   Code   RO          809    .ARM.Collect$$libinit$$0000001F  c_w.l(libinit2.o)
    0x08000226   0x00000000   Code   RO          811    .ARM.Collect$$libinit$$00000021  c_w.l(libinit2.o)
    0x08000226   0x00000000   Code   RO          813    .ARM.Collect$$libinit$$00000023  c_w.l(libinit2.o)
    0x08000226   0x00000000   Code   RO          817    .ARM.Collect$$libinit$$0000002A  c_w.l(libinit2.o)
    0x08000226   0x00000000   Code   RO          819    .ARM.Collect$$libinit$$0000002C  c_w.l(libinit2.o)
    0x08000226   0x00000000   Code   RO          821    .ARM.Collect$$libinit$$0000002E  c_w.l(libinit2.o)
    0x08000226   0x00000000   Code   RO          823    .ARM.Collect$$libinit$$00000030  c_w.l(libinit2.o)
    0x08000226   0x00000002   Code   RO          824    .ARM.Collect$$libinit$$00000031  c_w.l(libinit2.o)
    0x08000228   0x00000002   Code   RO          844    .ARM.Collect$$libshutdown$$00000000  c_w.l(libshutdown.o)
    0x0800022a   0x00000000   Code   RO          858    .ARM.Collect$$libshutdown$$00000003  c_w.l(libshutdown2.o)
    0x0800022a   0x00000000   Code   RO          861    .ARM.Collect$$libshutdown$$00000006  c_w.l(libshutdown2.o)
    0x0800022a   0x00000000   Code   RO          864    .ARM.Collect$$libshutdown$$00000009  c_w.l(libshutdown2.o)
    0x0800022a   0x00000000   Code   RO          866    .ARM.Collect$$libshutdown$$0000000B  c_w.l(libshutdown2.o)
    0x0800022a   0x00000000   Code   RO          869    .ARM.Collect$$libshutdown$$0000000E  c_w.l(libshutdown2.o)
    0x0800022a   0x00000002   Code   RO          870    .ARM.Collect$$libshutdown$$0000000F  c_w.l(libshutdown2.o)
    0x0800022c   0x00000000   Code   RO          735    .ARM.Collect$$rtentry$$00000000  c_w.l(rtentry.o)
    0x0800022c   0x00000000   Code   RO          748    .ARM.Collect$$rtentry$$00000002  c_w.l(rtentry2.o)
    0x0800022c   0x00000006   Code   RO          760    .ARM.Collect$$rtentry$$00000004  c_w.l(rtentry4.o)
    0x08000232   0x00000000   Code   RO          750    .ARM.Collect$$rtentry$$00000009  c_w.l(rtentry2.o)
    0x08000232   0x00000004   Code   RO          751    .ARM.Collect$$rtentry$$0000000A  c_w.l(rtentry2.o)
    0x08000236   0x00000000   Code   RO          753    .ARM.Collect$$rtentry$$0000000C  c_w.l(rtentry2.o)
    0x08000236   0x00000008   Code   RO          754    .ARM.Collect$$rtentry$$0000000D  c_w.l(rtentry2.o)
    0x0800023e   0x00000002   Code   RO          780    .ARM.Collect$$rtexit$$00000000  c_w.l(rtexit.o)
    0x08000240   0x00000000   Code   RO          826    .ARM.Collect$$rtexit$$00000002  c_w.l(rtexit2.o)
    0x08000240   0x00000004   Code   RO          827    .ARM.Collect$$rtexit$$00000003  c_w.l(rtexit2.o)
    0x08000244   0x00000006   Code   RO          828    .ARM.Collect$$rtexit$$00000004  c_w.l(rtexit2.o)
    0x0800024a   0x00000002   PAD
    0x0800024c   0x00000040   Code   RO            4  * .text               startup_stm32f429_439xx.o
    0x0800028c   0x00000198   Code   RO           12    .text               system_stm32f4xx.o
    0x08000424   0x000000b0   Code   RO          128    .text               misc.o
    0x080004d4   0x00000320   Code   RO          152    .text               stm32f4xx_dma.o
    0x080007f4   0x000000e0   Code   RO          192    .text               stm32f4xx_exti.o
    0x080008d4   0x0000020c   Code   RO          232    .text               stm32f4xx_gpio.o
    0x08000ae0   0x00000360   Code   RO          252    .text               stm32f4xx_i2c.o
    0x08000e40   0x0000046c   Code   RO          292    .text               stm32f4xx_rcc.o
    0x080012ac   0x00000074   Code   RO          334    .text               stm32f4xx_syscfg.o
    0x08001320   0x00000364   Code   RO          354    .text               stm32f4xx_usart.o
    0x08001684   0x000009dc   Code   RO          374    .text               stm32f4xx_tim.o
    0x08002060   0x0000009c   Code   RO          395    .text               queue.o
    0x080020fc   0x0000036c   Code   RO          420    .text               function.o
    0x08002468   0x00000c92   Code   RO          444    .text               main.o
    0x080030fa   0x00000002   PAD
    0x080030fc   0x0000031c   Code   RO          488    .text               stm32f4xx_it.o
    0x08003418   0x0000031c   Code   RO          515    .text               stm32f429i_discovery.o
    0x08003734   0x000006b4   Code   RO          543    .text               stm32f429i_discovery_i2c_ee.o
    0x08003de8   0x0000003e   Code   RO          687    .text               c_w.l(strlen.o)
    0x08003e26   0x00000006   Code   RO          689    .text               c_w.l(heapauxi.o)
    0x08003e2c   0x00000016   Code   RO          736    .text               c_w.l(_rserrno.o)
    0x08003e42   0x00000002   PAD
    0x08003e44   0x00000008   Code   RO          765    .text               c_w.l(rt_errno_addr_intlibspace.o)
    0x08003e4c   0x00000008   Code   RO          767    .text               c_w.l(libspace.o)
    0x08003e54   0x0000004a   Code   RO          770    .text               c_w.l(sys_stackheap_outer.o)
    0x08003e9e   0x0000000c   Code   RO          772    .text               c_w.l(exit.o)
    0x08003eaa   0x00000002   PAD
    0x08003eac   0x0000000c   Code   RO          836    .text               c_w.l(sys_exit.o)
    0x08003eb8   0x00000002   Code   RO          847    .text               c_w.l(use_no_semi.o)
    0x08003eba   0x00000000   Code   RO          849    .text               c_w.l(indicate_semi.o)
    0x08003eba   0x0000007a   Code   RO          723    i.__hardfp_sqrt     m_wm.l(sqrt.o)
    0x08003f34   0x00000018   Code   RO          693    x$fpl$basic         fz_wm.l(basic.o)
    0x08003f4c   0x00000150   Code   RO          695    x$fpl$dadd          fz_wm.l(daddsub_clz.o)
    0x0800409c   0x00000018   Code   RO          738    x$fpl$dcmpinf       fz_wm.l(dcmpi.o)
    0x080040b4   0x000002b0   Code   RO          702    x$fpl$ddiv          fz_wm.l(ddiv.o)
    0x08004364   0x0000005e   Code   RO          705    x$fpl$dfix          fz_wm.l(dfix.o)
    0x080043c2   0x00000002   PAD
    0x080043c4   0x0000005a   Code   RO          709    x$fpl$dfixu         fz_wm.l(dfixu.o)
    0x0800441e   0x0000002e   Code   RO          714    x$fpl$dflt          fz_wm.l(dflt_clz.o)
    0x0800444c   0x00000078   Code   RO          719    x$fpl$dleqf         fz_wm.l(dleqf.o)
    0x080044c4   0x00000154   Code   RO          721    x$fpl$dmul          fz_wm.l(dmul.o)
    0x08004618   0x0000009c   Code   RO          740    x$fpl$dnaninf       fz_wm.l(dnaninf.o)
    0x080046b4   0x0000000c   Code   RO          742    x$fpl$dretinf       fz_wm.l(dretinf.o)
    0x080046c0   0x00000016   Code   RO          696    x$fpl$drsb          fz_wm.l(daddsub_clz.o)
    0x080046d6   0x00000002   PAD
    0x080046d8   0x00000198   Code   RO          744    x$fpl$dsqrt         fz_wm.l(dsqrt_umaal.o)
    0x08004870   0x000001d4   Code   RO          697    x$fpl$dsub          fz_wm.l(daddsub_clz.o)
    0x08004a44   0x0000000a   Code   RO          834    x$fpl$fpinit        fz_wm.l(fpinit.o)
    0x08004a4e   0x00000000   Code   RO          746    x$fpl$usenofp       fz_wm.l(usenofp.o)
    0x08004a4e   0x00000002   PAD
    0x08004a50   0x00000018   Data   RO          517    .constdata          stm32f429i_discovery.o
    0x08004a68   0x000001c2   Data   RO          446    .conststring        main.o
    0x08004c2a   0x00000002   PAD
    0x08004c2c   0x00000020   Data   RO          901    Region$$Table       anon$$obj.o


    Execution Region ER_RW (Base: 0x20000000, Size: 0x000000e4, Max: 0xffffffff, ABSOLUTE)

    Base Addr    Size         Type   Attr      Idx    E Section Name        Object

    0x20000000   0x00000014   Data   RW           13    .data               system_stm32f4xx.o
    0x20000014   0x00000010   Data   RW          293    .data               stm32f4xx_rcc.o
    0x20000024   0x0000007c   Data   RW          447    .data               main.o
    0x200000a0   0x00000004   Data   RW          449    .data               main.o
    0x200000a4   0x00000004   Data   RW          450    .data               main.o
    0x200000a8   0x00000008   Data   RW          451    .data               main.o
    0x200000b0   0x00000004   Data   RW          454    .data               main.o
    0x200000b4   0x00000004   Data   RW          455    .data               main.o
    0x200000b8   0x0000000c   Data   RW          489    .data               stm32f4xx_it.o
    0x200000c4   0x00000010   Data   RW          518    .data               stm32f429i_discovery.o
    0x200000d4   0x00000010   Data   RW          544    .data               stm32f429i_discovery_i2c_ee.o


    Execution Region ER_ZI (Base: 0x200000e4, Size: 0x000022ac, Max: 0xffffffff, ABSOLUTE)

    Base Addr    Size         Type   Attr      Idx    E Section Name        Object

    0x200000e4   0x00001c0c   Zero   RW          445    .bss                main.o
    0x20001cf0   0x0000003c   Zero   RW          516    .bss                stm32f429i_discovery.o
    0x20001d2c   0x00000060   Zero   RW          768    .bss                c_w.l(libspace.o)
    0x20001d8c   0x00000004   PAD
    0x20001d90   0x00000200   Zero   RW            2    HEAP                startup_stm32f429_439xx.o
    0x20001f90   0x00000400   Zero   RW            1    STACK               startup_stm32f429_439xx.o


==============================================================================

Image component sizes


      Code (inc. data)   RO Data    RW Data    ZI Data      Debug   Object Name

       876         62          0          0          0       2722   function.o
      3218        146        450        148       7180      32723   main.o
       176         16          0          0          0       1733   misc.o
       156          0          0          0          0       2076   queue.o
        64         26        428          0       1536        812   startup_stm32f429_439xx.o
       796         38         24         16         60       5780   stm32f429i_discovery.o
      1716         52          0         16          0       5311   stm32f429i_discovery_i2c_ee.o
       800         32          0          0          0       5969   stm32f4xx_dma.o
       224         10          0          0          0       2127   stm32f4xx_exti.o
       524         44          0          0          0       3709   stm32f4xx_gpio.o
       864         22          0          0          0       7427   stm32f4xx_i2c.o
       796         78          0         12          0       2756   stm32f4xx_it.o
      1132         52          0         16          0      11314   stm32f4xx_rcc.o
       116         14          0          0          0       1705   stm32f4xx_syscfg.o
      2524         52          0          0          0      18218   stm32f4xx_tim.o
       868         34          0          0          0       6696   stm32f4xx_usart.o
       408         36          0         20          0     311783   system_stm32f4xx.o

    ----------------------------------------------------------------------
     15260        714        936        228       8776     422861   Object Totals
         0          0         32          0          0          0   (incl. Generated)
         2          0          2          0          0          0   (incl. Padding)

    ----------------------------------------------------------------------

      Code (inc. data)   RO Data    RW Data    ZI Data      Debug   Library Member Name

         8          0          0          0          0         68   __main.o
        52          8          0          0          0          0   __scatter.o
        26          0          0          0          0          0   __scatter_copy.o
        28          0          0          0          0          0   __scatter_zi.o
        22          0          0          0          0        100   _rserrno.o
        12          0          0          0          0         72   exit.o
         6          0          0          0          0        152   heapauxi.o
         0          0          0          0          0          0   indicate_semi.o
         2          0          0          0          0          0   libinit.o
         6          0          0          0          0          0   libinit2.o
         2          0          0          0          0          0   libshutdown.o
         2          0          0          0          0          0   libshutdown2.o
         8          4          0          0         96         68   libspace.o
         8          4          0          0          0         68   rt_errno_addr_intlibspace.o
         0          0          0          0          0          0   rtentry.o
        12          0          0          0          0          0   rtentry2.o
         6          0          0          0          0          0   rtentry4.o
         2          0          0          0          0          0   rtexit.o
        10          0          0          0          0          0   rtexit2.o
        62          0          0          0          0         76   strlen.o
        12          4          0          0          0         68   sys_exit.o
        74          0          0          0          0         80   sys_stackheap_outer.o
         2          0          0          0          0         68   use_no_semi.o
        24          0          0          0          0        164   basic.o
       826         16          0          0          0        492   daddsub_clz.o
        24          0          0          0          0        116   dcmpi.o
       688        140          0          0          0        256   ddiv.o
        94          4          0          0          0        140   dfix.o
        90          4          0          0          0        140   dfixu.o
        46          0          0          0          0        116   dflt_clz.o
       120          4          0          0          0        140   dleqf.o
       340         12          0          0          0        152   dmul.o
       156          4          0          0          0        140   dnaninf.o
        12          0          0          0          0        116   dretinf.o
       408         56          0          0          0        168   dsqrt_umaal.o
        10          0          0          0          0        116   fpinit.o
         0          0          0          0          0          0   usenofp.o
       122          0          0          0          0        148   sqrt.o

    ----------------------------------------------------------------------
      3336        260          0          0        100       3224   Library Totals
        14          0          0          0          4          0   (incl. Padding)

    ----------------------------------------------------------------------

      Code (inc. data)   RO Data    RW Data    ZI Data      Debug   Library Name

       362         20          0          0         96        820   c_w.l
      2838        240          0          0          0       2256   fz_wm.l
       122          0          0          0          0        148   m_wm.l

    ----------------------------------------------------------------------
      3336        260          0          0        100       3224   Library Totals

    ----------------------------------------------------------------------

==============================================================================


      Code (inc. data)   RO Data    RW Data    ZI Data      Debug   

     18596        974        936        228       8876     419269   Grand Totals
     18596        974        936        228       8876     419269   ELF Image Totals
     18596        974        936        228          0          0   ROM Totals

==============================================================================

    Total RO  Size (Code + RO Data)                19532 (  19.07kB)
    Total RW  Size (RW Data + ZI Data)              9104 (   8.89kB)
    Total ROM Size (Code + RO Data + RW Data)      19760 (  19.30kB)

==============================================================================

